
> akari-shell-strip@0.0.1 test
> tsc -b && node --test test/*.mjs

✔ 復元済み bottom の Theia 既定タブだけを閉じる (1.465ms)
✔ タイムラインと未知のタブを保持する (0.361ms)
✔ 端末はタイトルや ID でなく型と kind で判定する (0.3158ms)
✔ パートナー端末が誤って bottom にあっても保護する (0.3093ms)
✔ プルダウンはタイムラインとターミナルだけ (3.8061ms)
✔ 起動時だけ掃除し、後から追加した端末や問題タブは F6 切替でも閉じない (2.0071ms)
✔ 開発者モードで起動した場合は掃除せず、OFF にしても復元タブを維持する (0.3888ms)
✔ タイムライン項目は既存タブの有無にかかわらず常に akari.annotations.open を呼び、activateWidget は呼ばない (0.5296ms)
✔ terminal:new の新規端末を bottom に置き、既存・パートナー端末は動かさない (0.5336ms)
✔ dialogVisible ならすべての phase を hidden にする (2.5931ms)
✔ rendering の工程・進捗率・残り時間を running に写す (0.3963ms)
✔ running は進捗率を 0〜100 にクランプし、工程未確定時は phase の文言を使う (0.3196ms)
✔ done は出力名を含む finished にする (0.2864ms)
✔ cancelled と idle は hidden にする (0.2399ms)
✔ dismissed は finished を隠すが running には影響しない (0.1889ms)
✔ failed と lint-failed は定められた日本語文言にする (0.226ms)
✔ setupRequested の終端状態は hidden にする (0.243ms)
✔ 共有エンコーダ選択肢は全 OS で既存の順序と表示名に一致する (3.0556ms)
✔ 全エンコーダ値は OS 別の重複なし和集合になる (0.6812ms)
✔ estimateExport: GPU 固定表と音声ビットレートを含める (3.0636ms)
✔ estimateExport: engine が一致する前回実測をコマ単価に使う (0.5025ms)
✔ estimateExport: 前回実測と固定表を画素数比で補正する (0.2973ms)
✔ formatEstimate: 時間は 10 秒、容量は MB / GB 単位へ丸める (1.8393ms)
✔ estimateExport: HEVC の容量目安は同じ設定の H.264 の 0.6 倍 (0.4779ms)
✔ estimateExport: ProRes 422 HQ は 1080p30 を約 220 Mbps で見積もる (0.2023ms)
✔ estimateExport: PNG は 1080p 基準 1 コマ 1.2 MB と画素数比で見積もる (0.2058ms)
✔ license rows show counts, first three names, overflow and copy text (2.9186ms)
✔ shouldRecheckLintForPath: 編集ドキュメントの変更だけを引き金にする (1.8395ms)
✔ shouldWatchForLintRecheck: lint 停止画面を開いている間だけ張る (0.3303ms)
✔ formatLintCheckedAt: 未検査と未来時刻は「未検査」に落とす (2.1197ms)
✔ lintRecheckHint: 検査中・未検査・検査済みで文言を切り替える (0.2611ms)
✔ live frame store: A の応答後に B を読み、最新 1 枚だけを保持する (2.415ms)
✔ live frame store: 遅い古い応答を捨て、終了時に最新フレームを消す (0.8458ms)
✔ composeExportRequestPacket: lint 再実行する — テンプレート全文一致 (1.2572ms)
✔ composeExportRequestPacket: lint 再実行しない・別解像度/出力名 (0.3671ms)
✔ containerForCodec: MP4 / MOV / ディレクトリを codec から導く (6.1817ms)
✔ ProRes 422 HQ と連番 PNG の形式席・説明が選択形式に追従する (3.9977ms)
✔ 3 択は標準 / 高画質 / 軽量を CLI 値へ対応させる (0.6583ms)
✔ マスターは x264 のときだけ選べる (0.2184ms)
✔ 近日の席を 12 個以上、tooltip つきで保持する (0.4259ms)
✔ describeOutput: 現在の固定出力を 4 行で返す (0.5496ms)
✔ resolveOutputResolution: native は edit.json の画素数を維持する (0.2694ms)
✔ resolveOutputResolution: 720p と 4K は画角を保って縮小・拡大する (0.2643ms)
✔ resolveOutputResolution: custom の奇数幅と高さを偶数へ丸める (0.2657ms)
✔ resolveOutputResolution: 縦動画の 720p は 720×1280 (0.3778ms)
✔ resolveOutputResolution: custom 幅は 320〜7680 に収める (0.2366ms)
✔ describeOutput: 画素数行にプリセットと拡縮 mode を併記する (0.2065ms)
✔ H.265（HEVC）の形式席を選べ、形式説明が codec に追従する (0.3703ms)
✔ EXPORT_SHARE_TARGETS: 固定された 4 サービスを順番どおり返す (2.7373ms)
✔ composeExportHandOffPacket: 動画の事実をすべて含む (0.7558ms)
✔ copyArtifactCommand: 各 OS のコピーコマンドを組み立てる (0.4913ms)
✔ copyArtifactCommand: 未対応 OS では undefined を返す (0.2386ms)
✔ describeThisVideo: 横長の寸法・尺・構成を読む (3.9452ms)
✔ describeThisVideo: 縦長と正方形を判別する (0.6809ms)
✔ describeThisVideo: v2 tracks/items から尺と media カット数を読む (10.974ms)
✔ describeThisVideo: 欠損した JSON を例外にせず undefined で返す (0.3928ms)
✔ 0% は先頭、100% は末尾の枠を選ぶ (2.2062ms)
✔ 中間の進捗は最も近い時刻の枠を選ぶ (3.1872ms)
✔ 空または未取得の帯は -1 を返す (0.7145ms)
✔ 進捗率を 0〜100 にクランプする (0.6629ms)
✔ akari-activity-bar-curation.ts: guarded callback success (264.3979ms)
✔ akari-activity-bar-curation.ts: guarded callback throw (109.406ms)
✔ akari-activity-bar-curation.ts: guarded callback reject (28.7703ms)
✔ akari-activity-bar-curation.ts: guarded callback pending (21.3418ms)
✔ akari-bottom-panel-curation.ts: guarded callback success (45.4499ms)
✔ akari-bottom-panel-curation.ts: guarded callback throw (17.6571ms)
✔ akari-bottom-panel-curation.ts: guarded callback reject (13.5525ms)
✔ akari-bottom-panel-curation.ts: guarded callback pending (15.7277ms)
✔ akari-right-panel-curation.ts: guarded callback success (8.1603ms)
✔ akari-right-panel-curation.ts: guarded callback throw (6.0358ms)
✔ akari-right-panel-curation.ts: guarded callback reject (5.1811ms)
✔ akari-right-panel-curation.ts: guarded callback pending (6.5378ms)
✔ akari-bottom-panel-curation.ts: shell.closeWidget throw (10.7112ms)
✔ akari-bottom-panel-curation.ts: shell.closeWidget reject (7.1525ms)
✔ akari-bottom-panel-curation.ts: shell.closeWidget pending (8.7298ms)
✔ akari-activity-bar-curation.ts: real reconcileLeftPanel throws (5.675ms)
✔ akari-right-panel-curation.ts: real reconcile throws (4.285ms)
✔ LEFT_PANEL_FIXED_ORDER matches the actual ALLOWLIST ID sequence (104.1609ms)
✔ restored tabs with settings first return to the fixed order without mutating input (0.4773ms)
✔ unknown IDs move to the end and retain their relative order (0.2519ms)
✔ missing tabs stay absent and a later attached settings tab is placed above the menu (0.2529ms)
✔ empty current order yields no tabs (0.2035ms)
✔ empty fixed order preserves all existing tabs (0.2068ms)
✔ omitted and empty arguments open the menu without a section (1.9365ms)
✔ valid section, pulse and exact skill names are preserved (1.5335ms)
✔ invalid arguments are rejected (0.5498ms)
✔ only open and skills are section IDs (0.2379ms)
✔ exactly the three external menu commands are registered (3.5452ms)
✔ focus validates before opening and activates before focusing (0.5008ms)
✔ open targets reflect the current map state and expose only IDs and labels (1.7383ms)
✔ frontend module binds the command contribution as a singleton (12.1946ms)
✔ pulse uses the theme token for four 0.4 second cycles (1.7444ms)
✔ reduced motion uses a static outline (0.3367ms)
✔ focusSection is public (1.6705ms)
✔ listSkills is public (0.2795ms)
✔ render marks the sections, headings and skill rows (0.5713ms)
✔ widget keeps external focus separate from partner actions (0.4866ms)
✔ stylesheet loading is guarded for node tests (0.3645ms)
✖ renderExportSection exactly matches the variant target UI (6.6673ms)
✔ ひらく contains exactly the nine ordered rows (3.8476ms)
✔ world map row is additive and opt-in (0.3178ms)
✔ menu command, label and icon mirror ../../akari-partner/src/browser/akari-partner-widget.tsx (3.8245ms)
✔ menu command, label and icon mirror ../../akari-transcript/src/browser/daihon/akari-daihon-widget.ts (3.2607ms)
✔ menu command, label and icon mirror ../../akari-transcript/src/browser/daihon/akari-cuts-widget.ts (11.2114ms)
✔ menu command, label and icon mirror ../../akari-annotations/src/browser/akari-review-panel-widget.ts (12.6677ms)
✔ widget maps the pure rows, preserves the home route and appends dynamic preview (95.9789ms)
✔ menu-rows is independent of DOM, Theia and React (1.8234ms)
✔ packagedCliCandidates: resourcesPath 基点が最優先 (11.9862ms)
✔ packagedCliCandidates: resourcesPath が無くても祖先探索で Resources 配下に当たる (0.4882ms)
✖ packagedCliCandidates: 開発配置ではリポルート直下の packages/ に当たる (1.6151ms)
✔ packagedCliCandidates: process.cwd() に依存しない（cwd を変えても結果が一致する） (2.2627ms)
✔ packagedCliCandidates: 後方互換の兄弟配置候補を末尾に持つ (0.8757ms)
✔ packagedCliCandidates: 候補は重複しない (0.4093ms)
✔ packagedPackageEntryCandidates: preview-server の src/ 入口も resourcesPath 基点が最優先 (0.3207ms)
✔ packagedPackageEntryCandidates: resourcesPath 無しでも祖先探索で Resources 配下に当たる (0.3312ms)
✔ packagedCliCandidates: 委譲後も既存期待配列がバイト同一（委譲前の実装と同じ並び） (0.5689ms)
✔ bundledMediaBinCandidate: Resources/media-bin を指す (0.3711ms)
✔ bundledMediaBinCandidate: 開発起動（resourcesPath 未設定）では undefined (0.1949ms)
✔ 定数: akari.sh --preview の既定（4567 起点・10 個・127.0.0.1・10 秒）に揃う (1.5157ms)
✔ buildPreviewServerArgs: [projectRoot, --port, <n>, --host, 127.0.0.1] (1.0919ms)
✔ parsePreviewServerReadyUrl: 実ログ 4 行から最初の URL を拾う（末尾スラッシュ無し） (0.3021ms)
✔ parsePreviewServerReadyUrl: URL 行が無ければ undefined (0.2591ms)
✔ buildPreviewOpenUrl: latest はルート (0.3433ms)
✔ buildPreviewOpenUrl: legacy は ?frameEngine=0（従来 DOM プレビュー） (0.2456ms)
✔ describePreviewServerFailure: stderr に EADDRINUSE → ポート使用中の日本語 (0.2311ms)
✔ describePreviewServerFailure: stderr ありは末尾要約 (0.6011ms)
✔ describePreviewServerFailure: stderr 空は exit code を明記 (0.5362ms)
✔ (a) start: 偽 stdout に URL 行が流れると running + url + port (10.4077ms)
✔ (b) start: 準備完了前の exit 1 + stderr EADDRINUSE は failed で「使用中」 (3.228ms)
✔ (c) running 中の予期しない close は failed（stderr 末尾つき） (1.7522ms)
✔ (d) stop: idle になり kill は 1 回 (2.3898ms)
✔ (e) 別 projectRootUri での start は旧 child の kill 後に新規 spawn（順序を記録） (1.8889ms)
✔ (f) 同じ projectRootUri の再 start は spawn 回数を増やさない (1.662ms)
✔ (f2) starting 中の再入は同じ起動を待つ（二重 spawn しない） (2.8959ms)
✔ (g) 入口不在は failed + logTail に試した候補一覧 (2.3473ms)
✔ (h) 空きポート探索: 4567 が塞がっていれば 4568 を選ぶ (1.401ms)
✔ (h2) ポート 4567〜4576 が全滅なら spawn せず failed (3.4835ms)
✔ (i) 準備完了がタイムアウトすると failed になり子は kill される (61.8515ms)
✔ parseInspection: disposable / undecided と合計バイト数を読む (1.8986ms)
✔ parseInspection: held_reason を heldReason として拾う（保留の理由を人に見せる） (0.4027ms)
✔ parseInspection: 警告行が前に混ざっても最後の JSON 行を採る (0.3554ms)
✔ parseInspection: 壊れた出力は undefined（0 件と嘘をつかない） (0.3121ms)
✔ inspect: --json --dry-run で呼び、消さない (1.8286ms)
✔ inspect: CLI 不在なら理由を返す (0.4997ms)
✔ inspect: CLI が失敗したら stderr の末尾を理由にする (0.3531ms)
✔ inspect: exit 0 でも出力が読めなければ ok にしない (0.3156ms)
✔ clean: --json --yes で呼び、消した件数とバイト数を返す (0.5834ms)
✔ clean: 一部でも消せなければ cleaned にしない（成功と言い切らない） (0.435ms)
✔ buildQuickExportEncoderChoices: OS ごとに対応エンコーダだけを順序どおり返す (3.0131ms)
✔ buildEditLintArgs: プロジェクトルート + --json (0.3392ms)
✔ sanitizeQuickExportOutputName: 素の名前はそのまま (0.4437ms)
✔ sanitizeQuickExportOutputName: ディレクトリ区切り・親参照を剥がしファイル名1段に収める (0.1868ms)
✔ sanitizeQuickExportOutputName: 空・空白のみ・..のみは既定名にフォールバック (0.2199ms)
✔ nextAvailableOutputName: 既存名が空なら既定名を返す (2.2141ms)
✔ nextAvailableOutputName: 無関係な既存名だけなら衝突しない (0.3007ms)
✔ nextAvailableOutputName: 1 件衝突すると -2 を付ける (0.1872ms)
✔ nextAvailableOutputName: 連番の欠番を最初に使う (4.5477ms)
✔ nextAvailableOutputName: 拡張子なしでも末尾へ連番を付ける (0.393ms)
✔ buildRenderCutOutputRelativePath (後方互換ラッパー): 常に exports/ 直下 (0.923ms)
✔ buildRenderCutOutputPath: outputDirectory 未指定なら既定の exports/ 直下 (0.1207ms)
✔ buildRenderCutOutputPath: outputDirectory 指定時はその絶対パス直下（ファイル名は引き続き脱出防止） (0.2044ms)
✔ buildRenderCutArgs: 既定設定でも --engine auto と --encoder auto を明示する (0.2003ms)
✔ buildRenderCutArgs: encoder 未指定と auto 明示は同じ引数列になる (0.1495ms)
✔ buildRenderCutArgs: engine 未指定と auto 明示は同じ引数列になる (0.5114ms)
✔ buildRenderCutArgs: gpu 明示時は --engine gpu を渡す (0.1361ms)
✔ buildRenderCutArgs: osr 明示時は --engine osr を渡す (0.0977ms)
✔ buildRenderCutArgs: quality は既定値以外で増え、encoder の明示選択は維持される (0.1483ms)
✔ buildRenderCutArgs: fps 指定時のみ --fps が付く (0.1117ms)
✔ buildRenderCutArgs: scaleTo 指定時だけ --scale-to WxH が付く (0.1143ms)
✔ buildRenderCutArgs: --progress は全オプションの末尾に付く (0.1278ms)
✔ buildRenderCutArgs: outputDirectory 指定時は絶対パスの --out になる (0.1225ms)
✔ determineLintOutcome: exit code 0/1/2/nullの対応 (0.2132ms)
✔ determineRenderOutcome: exit 0 + 実在 + サイズ>0 のみ成功 (0.1585ms)
✔ summarizeStderrTail: 末尾N行のみ・空行は除外 (0.4494ms)
✔ summarizeStderrTail: スタックの手前にある根本理由を落とさない (0.234ms)
✔ describeRenderFailure: exit 0 でも成果物が無ければ理由を必ず返す (0.1582ms)
✔ describeRenderFailure: stderr が無い非0終了でも exit code を見せる (0.088ms)
✔ describeUnexpectedQuickExportFailure: unknown でも空の失敗理由にしない (0.1351ms)
✔ parseQuickExportProgressLine: out_time_ms/total_ms 行から % を算出 (2.5633ms)
✔ parseQuickExportProgressLine: done 行は 100% 確定 (0.3422ms)
✔ parseQuickExportProgressLine: 一致しない行は undefined（無視） (0.3044ms)
✔ parseQuickExportProgressLine: total_ms=0 は 0% に落とす（ゼロ除算を避ける） (0.2069ms)
✔ latestQuickExportProgress: 複数行のうち最後に見つかった行だけを返す (1.3843ms)
✔ latestQuickExportProgress: 一致行が無ければ undefined (0.2422ms)
✔ estimateElapsedAndRemaining: done/100% は残り0固定 (0.3323ms)
✔ estimateElapsedAndRemaining: 0% は残り時間を計算できず undefined (0.2106ms)
✔ estimateElapsedAndRemaining: 線形外挿（50%経過・4秒経過なら残り約4秒） (0.2195ms)
✔ estimateElapsedAndRemaining: 25%経過・3秒経過なら残り約9秒 (0.3037ms)
✔ tracker: render の frame 行ごとに重み付き percent が進む (0.5651ms)
✔ tracker: 全工程では done 行で初めて 100% になる (1.8804ms)
✔ tracker: gpu から osr へ render が再スタートしても percent は戻らない (0.2378ms)
✔ tracker: チャンク途中で分割された frame 行を完成後に解釈する (0.1462ms)
✔ tracker: stage 行が無い out_time_ms は従来の percent を使う (0.2947ms)
✔ tracker: frame 行を 300 本流しても render 工程を保持する (1.1858ms)
✔ estimateElapsedAndRemaining: render のコマあたり実測から残りを見積もる (0.361ms)
✔ tracker: GPU preview 行を最新実フレームとして保持する (0.1865ms)
✔ tracker: GPU preview の後に frame 行が来ても preview と既存進捗を保持する (0.1848ms)
✔ start: バックエンドの予期しない例外を failed へ終端させる (13.691ms)
✔ start: render-cut CLI 不在は理由付き failed で終端する (7.4365ms)
✔ start: lint-failed に error / warning 件数とレポートを載せる (8.3613ms)
✔ start: render-cut の stage / frame 出力を status の詳細進捗へ載せる (4.9665ms)
✔ cancel: 実行中の子プロセスの「プロセスグループ」へ SIGTERM を送り cancelled へ終端する (1.5305ms)
✔ cancel: SIGTERM で 5 秒以内に終わらなければグループへ SIGKILL を送る (5000.5072ms)
✔ cancel: Windows では taskkill /T でツリーごと畳む (0.7645ms)
✔ onStop: シェル終了時に走っている書き出しをグループごと道連れにする (0.2789ms)
✔ revealArtifact: OS ごとのファイル管理コマンドを組み立てる (0.2907ms)
✖ copyArtifact: コピーコマンドの終了コードを結果へ反映する (2.5491ms)
✖ readPreviewFrame: 許可ディレクトリ配下の JPEG を data URL として返す (0.9473ms)
✔ readPreviewFrame: 許可ディレクトリ外を拒否してファイルを読まない (0.5218ms)
✔ recheckLint: 直っていれば保持していた lint-failed を idle へ戻す (0.9616ms)
✔ recheckLint: まだ NG なら findings を最新へ差し替える (0.7161ms)
✔ recheckLint: 書き出しの実行中は走らせず status も触らない (0.2205ms)
✔ recheckLint: 再検査の最中に書き出しが始まったら結果を捨てる (0.2688ms)
✔ recheckLint: CLI 不在・異常終了は unavailable として保持中の所見を残す (0.4943ms)
✖ cancel 後: start 前から在った作業ディレクトリは「この回のゴミ」に数えない (1.2262ms)
✔ cancel 後: 増えた entry が無ければ leftover は undefined（片付け導線を出さない） (0.3787ms)
✖ discardCancelledLeftover: leftover の entry だけを削除しバイト数を返す (0.7195ms)
✔ discardCancelledLeftover: 書き出しの実行中は消さない (0.1789ms)
✔ discardCancelledLeftover: leftover が無ければ何も消さない (0.2797ms)
✖ resolveRenderTmpEntry: render-tmp の外へ出る entry は解決しない（親越え・絶対パス） (0.4682ms)
✔ discardCancelledLeftover: render-tmp の外を指す entry は消さず失敗として返す (0.2323ms)
✔ shouldShowRenderJsonProgress: quick export phase ごとの真理値表 (1.3934ms)
✔ quickExportErrorNotification: lint-failed は severity 件数とレポート案内を通知する (0.7119ms)
✔ quickExportErrorNotification: 既知 check は日本語要約と従来の英語詳細を通知する (0.4083ms)
✔ quickExportErrorNotification: 辞書に無い check は従来表示へフォールバックする (0.3614ms)
✔ quickExportErrorNotification: 通知済みなら lint-failed を多重通知しない (0.2473ms)
✔ quickExportErrorNotification: failed の既存通知と非終端 phase を維持する (0.2752ms)
✔ quickExportStageLabel: 固定 5 工程を日本語へ変換し undefined は維持する (1.3128ms)
✔ 検査工程の status 行で工程名が snapshot に出る (2.4153ms)
✔ 黒画面検査の frames 行で工程内の進捗が段の進捗へ反映される (0.8319ms)
✔ 工程が終わるたびに段の進捗が前へ進む（frames を出さない工程でも固まらない） (0.6948ms)
✔ reused / skipped も「その工程は終わった」として扱う（reused は省略ではない） (0.4989ms)
✔ verify 段が終われば工程名は消え、段は 1 になる (0.4107ms)
✔ verify 段をやり直すと工程の積み上げがリセットされる (0.2207ms)
✔ 既存の stage / frame 行の解釈は変えていない (11.6753ms)
✔ 未知の検査名や壊れた行は無視する (0.6237ms)
✔ ラベルは確認中の工程を添える (1.8218ms)
✔ parseRenderProgress: 壊れた入力（null/文字列/配列）は unknown フォールバック (26.4057ms)
✔ parseRenderProgress: 未知形（version/phase/plan のいずれも無い）は unknown フォールバック (0.6458ms)
✔ parseRenderProgress: 開始直後（phase のみ）は in-progress・phase を含むラベル (1.5373ms)
✔ parseRenderProgress: 途中（phase 不明値でも）は in-progress・例外なし (0.2273ms)
✔ parseRenderProgress: verify.verdict=pass + artifacts[0].path → done + artifactPath (0.4481ms)
✔ parseRenderProgress: verify.verdict=fail → failed + エラー文言 (0.2578ms)
✔ parseRenderProgress: verify.verdict=fail だが findings に error が無い → 汎用失敗文言 (9.686ms)
✔ parseRenderProgress: verify.verdict=pass だが artifacts が空 → in-progress へフォールバック（例外なし） (0.3774ms)
✔ parseRenderProgress: 実物（dogfood-v2 抜粋）と同形を done として読める (0.273ms)
✔ parseRenderProgress: gpu を抽出して完了ラベルへ出す (1.6271ms)
✔ parseRenderProgress: osr + fallback 理由を抽出する (0.2726ms)
✔ parseRenderProgress: osr + 不適格 1 件を id: reason で表示する (0.3836ms)
✔ parseRenderProgress: osr + 不適格 3 件は先頭と残件数を表示する (0.2103ms)
✔ parseRenderProgress: legacy receipt も互換表示する (0.1701ms)
✔ parseRenderProgress: provenance 無しは engine undefined の後方互換 (0.1477ms)
✔ parseRenderProgress: 計画中から gpu の書き出し中表示を出す (1.9785ms)
✔ default: one pane, default groups, no displaced panels (2.9609ms)
✔ readRightRailState: valid data round-trips (0.9177ms)
✔ readRightRailState: a valid v1 split with a reused terminal id keeps unrelated settings (0.574ms)
✔ readRightRailState: missing or broken data falls back to the whole default (1 pane, default groups) (0.6135ms)
✔ terminal serial ids keep a runtime move but cannot affect a new terminal after save and restore (1.358ms)
✔ inserting within each group and across the line persists, then new faces use default positions (1.8465ms)
✔ moving an open pane across the line keeps the two-pane line rule (0.3938ms)
✔ setRightRailGroup stores only differences from the default (0.2658ms)
✔ drop on main / bottom: becomes a tab there and leaves the rail; back to the rail restores it (0.3936ms)
✔ drop on the rail above / below the line swaps membership (the prototype "注釈を線の上へ") (0.3876ms)
✔ drop on the right lower half splits only then (prototype: インスペクターを右の下半分へ) (0.2103ms)
✔ split drop keeps the "区切り線どおり" invariant: the partner pane is flipped to the other side when needed (0.2277ms)
✔ split drop from main brings the panel back to the right (0.185ms)
✔ split drop with nothing else in the right shows the dropped panel alone (0.1633ms)
✔ split: clicking an icon above the line changes the top pane, below the line the bottom pane (0.2654ms)
✔ back to one pane: × on a pane header, dragging that pane back to the rail, or the gutter to an edge — the panel stays in the rail (0.31ms)
✔ normalizeRightRail: a pane that left the right or broke the line rule returns to one pane (0.3359ms)
✔ the five right-rail widgets use the line-art icon classes (no codicon) (14.3122ms)
✔ icon shapes are the prototype strokes: scissors / paper / speech bubble / sliders / level bars (1.1437ms)
✔ rail hover: Theia delayed tooltip is suppressed and the instant tooltip shows the label only (2.9255ms)
✔ the right side panel handler and the drop zones are wired in the frontend module (4.4091ms)
✔ trackDragGesture: small movement is a click (at the press point), a larger one starts a drag once (2.0104ms)
✔ 未登録キーは既定値で、明示 false と変更した間隔を反映する (6.2142ms)
✔ ioreg の PerformanceStatistics 利用率を取り、無ければ null (0.5733ms)
✔ vm_stat は active + wired + compressor のみをページサイズでバイトへ変換する (1.4031ms)
✔ 下のバーは設定で項目を消し、取得不能 GPU も消す (0.7153ms)
✔ 出力プレビューで menu delegate の直接・グループ配下項目を除外する (2.9992ms)
✔ Monaco エディタでは素通しする (0.321ms)
✔ 非 AKARI webview では素通しする (0.2196ms)
✔ AKARI 自前項目と他メニュー項目の順序・参照を保つ (0.281ms)
✔ RUN と editor/title の id フォールバックで除外する (0.1925ms)
✔ menuPath も id も不明な項目は安全側で残す (0.6458ms)
✔ 素材プレビューでも除外する (0.409ms)
✔ 素材・出力プレビューの retry サフィックスを認識する (0.3203ms)
✔ viewType と identifier.id だけでもプレビューを認識する (0.3481ms)
✔ menuPath と toolbarItem.menuPath にも対応する (0.4035ms)
✔ widget 未指定・似た id・他メニューの接頭辞は誤判定しない (0.3845ms)
✔ missing (1.5437ms)
✔ unknown kind (0.2817ms)
✔ flat (0.1843ms)
✔ spatial (0.1674ms)
✔ broken (0.2271ms)
✔ old version (0.1586ms)
ℹ tests 296
ℹ suites 0
ℹ pass 289
ℹ fail 7
ℹ cancelled 0
ℹ skipped 0
ℹ todo 0
ℹ duration_ms 6407.4722

✖ failing tests:

test at test\menu-focus-widget.test.mjs:100:1
✖ renderExportSection exactly matches the variant target UI (6.6673ms)
  AssertionError [ERR_ASSERTION]: Expected values to be strictly equal:
  + actual - expected
  
  + 'protected renderExportSection(): React.ReactNode {\r\n' +
  +   '        const status = this.exportSession.snapshot.status;\r\n' +
  +   "        const running = status.phase === 'linting' || status.phase === 'rendering';\r\n" +
  +   "        const visible = running || status.phase === 'done' || status.phase === 'failed' || status.phase === 'lint-failed';\r\n" +
  +   '        const percent = status.progressPercent ?? 0;\r\n' +
  +   '        const stage = quickExportStageLabel(status.progressStage);\r\n' +
  +   '        const label = running\r\n' +
  +   "            ? `${stage ?? (status.phase === 'linting' ? 'lint 確認中' : '準備')} · ${percent}%`\r\n" +
  +   "            : status.phase === 'done'\r\n" +
  +   "                ? '書き出し完了'\r\n" +
  +   "                : status.phase === 'lint-failed' ? 'lint NG' : '書き出し失敗';\r\n" +
  +   '        return (\r\n' +
  +   "            <section style={{ marginBottom: '22px' }}>\r\n" +
  +   "                <h3 style={{ margin: '0 0 8px', fontSize: '0.85em', opacity: 0.6, letterSpacing: '0.05em' }}>書き出し</h3>\r\n" +
  +   '                <button\r\n' +
  +   "                    className='theia-button secondary'\r\n" +
  +   "                    data-akari-onboarding-target='export-button'\r\n" +
  +   "                    style={{ display: 'flex', alignItems: 'center', gap: '10px', justifyContent: 'flex-start', padding: '8px 10px', width: '100%' }}\r\n" +
  +   '                    disabled={!this.editJsonExists}\r\n' +
  +   '                    title={!this.editJsonExists ? EDIT_JSON_MISSING_TOOLTIP : undefined}\r\n' +
  +   '                    onClick={() => void this.openExportDialog()}\r\n' +
  +   '                >\r\n' +
  +   "                    <span className='codicon codicon-desktop-download' aria-hidden='true' />\r\n" +
  +   '                    <span>書き出し…</span>\r\n' +
  +   '                </button>\r\n' +
  +   "                {this.selectedEditName !== 'edit.json' && (\r\n" +
  +   "                    <p style={{ opacity: 0.75, fontSize: '0.85em', margin: '6px 0 0' }}>\r\n" +
  +   '                        書き出し対象: {this.selectedEditName}。別タイムラインは現在書き出せません。edit.json のタブに戻すと書き出せます。\r\n' +
  +   '                    </p>\r\n' +
  +   '                )}\r\n' +
  +   '                {!this.editJsonExists && (\r\n' +
  +   "                    <p style={{ opacity: 0.6, fontSize: '0.85em', margin: '6px 0 0' }}>{EDIT_JSON_MISSING_TOOLTIP}</p>\r\n" +
  +   '                )}\r\n' +
  +   '                {visible && (\r\n' +
  +   "                    <div data-akari-export-mini-status={status.phase} style={{ marginTop: '8px', border: '1px solid var(--theia-widget-border)', borderRadius: '6px', padding: '7px 9px' }}>\r\n" +
  +   "                        <div style={{ display: 'flex', alignItems: 'center', gap: '6px', fontSize: '0.82em' }}>\r\n" +
  +   "                            <span style={{ minWidth: 0, overflow: 'hidden', textOverflow: 'ellipsis', whiteSpace: 'nowrap' }}>{label}</span>\r\n" +
  +   "                            <button className='theia-button secondary' style={{ marginLeft: 'auto', padding: '2px 7px', fontSize: '0.82em' }} onClick={() => void this.openExportDialog()}>開く</button>\r\n" +
  +   '                        </div>\r\n' +
  +   '                        {running && (\r\n' +
  +   "                            <div style={{ height: '4px', borderRadius: '2px', background: 'var(--akari-elevated, rgba(128,128,128,0.25))', overflow: 'hidden', marginTop: '5px' }}>\r\n" +
  +   "                                <div style={{ height: '100%', width: `${percent}%`, background: 'var(--akari-accent, #f97316)', transition: 'width .2s linear' }} />\r\n" +
  +   '                            </div>\r\n' +
  +   '                        )}\r\n' +
  +   '                    </div>\r\n' +
  +   '                )}\r\n' +
  +   '                <button\r\n' +
  +   "                    className='theia-button secondary'\r\n" +
  +   "                    style={{ display: 'flex', alignItems: 'center', gap: '10px', justifyContent: 'flex-start', padding: '8px 10px', width: '100%', marginTop: '8px' }}\r\n" +
  +   '                    disabled={!this.workspaceOpened || this.cleaningProject}\r\n' +
  +   "                    title='書き出しの一時ファイルや再生成できるキャッシュを、一覧で確認してから削除します'\r\n" +
  +   '                    onClick={() => void this.cleanProjectData()}\r\n' +
  +   '                >\r\n' +
  +   "                    <span className={`codicon ${this.cleaningProject ? 'codicon-loading codicon-modifier-spin' : 'codicon-trash'}`} aria-hidden='true' />\r\n" +
  +   "                    <span>{this.cleaningProject ? '調べています…' : '不要なデータを整理…'}</span>\r\n" +
  +   '                </button>\r\n' +
  +   '            </section>\r\n' +
  +   '        );\r\n' +
  - 'protected renderExportSection(): React.ReactNode {\n' +
  -   '        const status = this.exportSession.snapshot.status;\n' +
  -   "        const running = status.phase === 'linting' || status.phase === 'rendering';\n" +
  -   "        const visible = running || status.phase === 'done' || status.phase === 'failed' || status.phase === 'lint-failed';\n" +
  -   '        const percent = status.progressPercent ?? 0;\n' +
  -   '        const stage = quickExportStageLabel(status.progressStage);\n' +
  -   '        const label = running\n' +
  -   "            ? `${stage ?? (status.phase === 'linting' ? 'lint 確認中' : '準備')} · ${percent}%`\n" +
  -   "            : status.phase === 'done'\n" +
  -   "                ? '書き出し完了'\n" +
  -   "                : status.phase === 'lint-failed' ? 'lint NG' : '書き出し失敗';\n" +
  -   '        return (\n' +
  -   "            <section style={{ marginBottom: '22px' }}>\n" +
  -   "                <h3 style={{ margin: '0 0 8px', fontSize: '0.85em', opacity: 0.6, letterSpacing: '0.05em' }}>書き出し</h3>\n" +
  -   '                <button\n' +
  -   "                    className='theia-button secondary'\n" +
  -   "                    style={{ display: 'flex', alignItems: 'center', gap: '10px', justifyContent: 'flex-start', padding: '8px 10px', width: '100%' }}\n" +
  -   '                    disabled={!this.editJsonExists}\n' +
  -   '                    title={!this.editJsonExists ? EDIT_JSON_MISSING_TOOLTIP : undefined}\n' +
  -   '                    onClick={() => void this.openExportDialog()}\n' +
  -   '                >\n' +
  -   "                    <span className='codicon codicon-desktop-download' aria-hidden='true' />\n" +
  -   '                    <span>書き出し…</span>\n' +
  -   '                </button>\n' +
  -   "                {this.selectedEditName !== 'edit.json' && (\n" +
  -   "                    <p style={{ opacity: 0.75, fontSize: '0.85em', margin: '6px 0 0' }}>\n" +
  -   '                        書き出し対象: {this.selectedEditName}。別タイムラインは現在書き出せません。edit.json のタブに戻すと書き出せます。\n' +
  -   '                    </p>\n' +
  -   '                )}\n' +
  -   '                {!this.editJsonExists && (\n' +
  -   "                    <p style={{ opacity: 0.6, fontSize: '0.85em', margin: '6px 0 0' }}>{EDIT_JSON_MISSING_TOOLTIP}</p>\n" +
  -   '                )}\n' +
  -   '                {visible && (\n' +
  -   "                    <div data-akari-export-mini-status={status.phase} style={{ marginTop: '8px', border: '1px solid var(--theia-widget-border)', borderRadius: '6px', padding: '7px 9px' }}>\n" +
  -   "                        <div style={{ display: 'flex', alignItems: 'center', gap: '6px', fontSize: '0.82em' }}>\n" +
  -   "                            <span style={{ minWidth: 0, overflow: 'hidden', textOverflow: 'ellipsis', whiteSpace: 'nowrap' }}>{label}</span>\n" +
  -   "                            <button className='theia-button secondary' style={{ marginLeft: 'auto', padding: '2px 7px', fontSize: '0.82em' }} onClick={() => void this.openExportDialog()}>開く</button>\n" +
  -   '                        </div>\n' +
  -   '                        {running && (\n' +
  -   "                            <div style={{ height: '4px', borderRadius: '2px', background: 'var(--akari-elevated, rgba(128,128,128,0.25))', overflow: 'hidden', marginTop: '5px' }}>\n" +
  -   "                                <div style={{ height: '100%', width: `${percent}%`, background: 'var(--akari-accent, #f97316)', transition: 'width .2s linear' }} />\n" +
  -   '                            </div>\n' +
  -   '                        )}\n' +
  -   '                    </div>\n' +
  -   '                )}\n' +
  -   '                <button\n' +
  -   "                    className='theia-button secondary'\n" +
  -   "                    style={{ display: 'flex', alignItems: 'center', gap: '10px', justifyContent: 'flex-start', padding: '8px 10px', width: '100%', marginTop: '8px' }}\n" +
  -   '                    disabled={!this.workspaceOpened || this.cleaningProject}\n' +
  -   "                    title='書き出しの一時ファイルや再生成できるキャッシュを、一覧で確認してから削除します'\n" +
  -   '                    onClick={() => void this.cleanProjectData()}\n' +
  -   '                >\n' +
  -   "                    <span className={`codicon ${this.cleaningProject ? 'codicon-loading codicon-modifier-spin' : 'codicon-trash'}`} aria-hidden='true' />\n" +
  -   "                    <span>{this.cleaningProject ? '調べています…' : '不要なデータを整理…'}</span>\n" +
  -   '                </button>\n' +
  -   '            </section>\n' +
  -   '        );\n' +
      '    }'
  
      at TestContext.<anonymous> (file:///Z:/AI/Projects/akari-video/apps/shell/extensions/akari-shell-strip/evidence/en-3/baseline/apps/shell/extensions/akari-shell-strip/test/menu-focus-widget.test.mjs:103:12)
      at Test.runInAsyncScope (node:async_hooks:227:14)
      at Test.run (node:internal/test_runner/test:1306:25)
      at Test.processPendingSubtests (node:internal/test_runner/test:897:18)
      at Test.postRun (node:internal/test_runner/test:1447:19)
      at Test.run (node:internal/test_runner/test:1372:12)
      at async Test.processPendingSubtests (node:internal/test_runner/test:897:7) {
    generatedMessage: true,
    code: 'ERR_ASSERTION',
    actual: "protected renderExportSection(): React.ReactNode {\r\n        const status = this.exportSession.snapshot.status;\r\n        const running = status.phase === 'linting' || status.phase === 'rendering';\r\n        const visible = running || status.phase === 'done' || status.phase === 'failed' || status.phase === 'lint-failed';\r\n        const percent = status.progressPercent ?? 0;\r\n        const stage = quickExportStageLabel(status.progressStage);\r\n        const label = running\r\n            ? `${stage ?? (status.phase === 'linting' ? 'lint 確認中' : '準備')} · ${percent}%`\r\n            : status.phase === 'done'\r\n                ? '書き出し完了'\r\n                : status.phase === 'lint-failed' ? 'lint NG' : '書き出し失敗';\r\n        return (\r\n            <section style={{ marginBottom: '22px' }}>\r\n                <h3 style={{ margin: '0 0 8px', fontSize: '0.85em', opacity: 0.6, letterSpacing: '0.05em' }}>書き出し</h3>\r\n                <button\r\n                    className='theia-button secondary'\r\n                    data-akari-onboarding-target='export-button'\r\n                    style={{ display: 'flex', alignItems: 'center', gap: '10px', justifyContent: 'flex-start', padding: '8px 10px', width: '100%' }}\r\n                    disabled={!this.editJsonExists}\r\n                    title={!this.editJsonExists ? EDIT_JSON_MISSING_TOOLTIP : undefined}\r\n                    onClick={() => void this.openExportDialog()}\r\n                >\r\n                    <span className='codicon codicon-desktop-download' aria-hidden='true' />\r\n                    <span>書き出し…</span>\r\n                </button>\r\n                {this.selectedEditName !== 'edit.json' && (\r\n                    <p style={{ opacity: 0.75, fontSize: '0.85em', margin: '6px 0 0' }}>\r\n                        書き出し対象: {this.selectedEditName}。別タイムラインは現在書き出せません。edit.json のタブに戻すと書き出せます。\r\n                    </p>\r\n                )}\r\n                {!this.editJsonExists && (\r\n                    <p style={{ opacity: 0.6, fontSize: '0.85em', margin: '6px 0 0' }}>{EDIT_JSON_MISSING_TOOLTIP}</p>\r\n                )}\r\n                {visible && (\r\n                    <div data-akari-export-mini-status={status.phase} style={{ marginTop: '8px', border: '1px solid var(--theia-widget-border)', borderRadius: '6px', padding: '7px 9px' }}>\r\n                        <div style={{ display: 'flex', alignItems: 'center', gap: '6px', fontSize: '0.82em' }}>\r\n                            <span style={{ minWidth: 0, overflow: 'hidden', textOverflow: 'ellipsis', whiteSpace: 'nowrap' }}>{label}</span>\r\n                            <button className='theia-button secondary' style={{ marginLeft: 'auto', padding: '2px 7px', fontSize: '0.82em' }} onClick={() => void this.openExportDialog()}>開く</button>\r\n                        </div>\r\n                        {running && (\r\n                            <div style={{ height: '4px', borderRadius: '2px', background: 'var(--akari-elevated, rgba(128,128,128,0.25))', overflow: 'hidden', marginTop: '5px' }}>\r\n                                <div style={{ height: '100%', width: `${percent}%`, background: 'var(--akari-accent, #f97316)', transition: 'width .2s linear' }} />\r\n                            </div>\r\n                        )}\r\n                    </div>\r\n                )}\r\n                <button\r\n                    className='theia-button secondary'\r\n                    style={{ display: 'flex', alignItems: 'center', gap: '10px', justifyContent: 'flex-start', padding: '8px 10px', width: '100%', marginTop: '8px' }}\r\n                    disabled={!this.workspaceOpened || this.cleaningProject}\r\n                    title='書き出しの一時ファイルや再生成できるキャッシュを、一覧で確認してから削除します'\r\n                    onClick={() => void this.cleanProjectData()}\r\n                >\r\n                    <span className={`codicon ${this.cleaningProject ? 'codicon-loading codicon-modifier-spin' : 'codicon-trash'}`} aria-hidden='true' />\r\n                    <span>{this.cleaningProject ? '調べています…' : '不要なデータを整理…'}</span>\r\n                </button>\r\n            </section>\r\n        );\r\n    }",
    expected: "protected renderExportSection(): React.ReactNode {\n        const status = this.exportSession.snapshot.status;\n        const running = status.phase === 'linting' || status.phase === 'rendering';\n        const visible = running || status.phase === 'done' || status.phase === 'failed' || status.phase === 'lint-failed';\n        const percent = status.progressPercent ?? 0;\n        const stage = quickExportStageLabel(status.progressStage);\n        const label = running\n            ? `${stage ?? (status.phase === 'linting' ? 'lint 確認中' : '準備')} · ${percent}%`\n            : status.phase === 'done'\n                ? '書き出し完了'\n                : status.phase === 'lint-failed' ? 'lint NG' : '書き出し失敗';\n        return (\n            <section style={{ marginBottom: '22px' }}>\n                <h3 style={{ margin: '0 0 8px', fontSize: '0.85em', opacity: 0.6, letterSpacing: '0.05em' }}>書き出し</h3>\n                <button\n                    className='theia-button secondary'\n                    style={{ display: 'flex', alignItems: 'center', gap: '10px', justifyContent: 'flex-start', padding: '8px 10px', width: '100%' }}\n                    disabled={!this.editJsonExists}\n                    title={!this.editJsonExists ? EDIT_JSON_MISSING_TOOLTIP : undefined}\n                    onClick={() => void this.openExportDialog()}\n                >\n                    <span className='codicon codicon-desktop-download' aria-hidden='true' />\n                    <span>書き出し…</span>\n                </button>\n                {this.selectedEditName !== 'edit.json' && (\n                    <p style={{ opacity: 0.75, fontSize: '0.85em', margin: '6px 0 0' }}>\n                        書き出し対象: {this.selectedEditName}。別タイムラインは現在書き出せません。edit.json のタブに戻すと書き出せます。\n                    </p>\n                )}\n                {!this.editJsonExists && (\n                    <p style={{ opacity: 0.6, fontSize: '0.85em', margin: '6px 0 0' }}>{EDIT_JSON_MISSING_TOOLTIP}</p>\n                )}\n                {visible && (\n                    <div data-akari-export-mini-status={status.phase} style={{ marginTop: '8px', border: '1px solid var(--theia-widget-border)', borderRadius: '6px', padding: '7px 9px' }}>\n                        <div style={{ display: 'flex', alignItems: 'center', gap: '6px', fontSize: '0.82em' }}>\n                            <span style={{ minWidth: 0, overflow: 'hidden', textOverflow: 'ellipsis', whiteSpace: 'nowrap' }}>{label}</span>\n                            <button className='theia-button secondary' style={{ marginLeft: 'auto', padding: '2px 7px', fontSize: '0.82em' }} onClick={() => void this.openExportDialog()}>開く</button>\n                        </div>\n                        {running && (\n                            <div style={{ height: '4px', borderRadius: '2px', background: 'var(--akari-elevated, rgba(128,128,128,0.25))', overflow: 'hidden', marginTop: '5px' }}>\n                                <div style={{ height: '100%', width: `${percent}%`, background: 'var(--akari-accent, #f97316)', transition: 'width .2s linear' }} />\n                            </div>\n                        )}\n                    </div>\n                )}\n                <button\n                    className='theia-button secondary'\n                    style={{ display: 'flex', alignItems: 'center', gap: '10px', justifyContent: 'flex-start', padding: '8px 10px', width: '100%', marginTop: '8px' }}\n                    disabled={!this.workspaceOpened || this.cleaningProject}\n                    title='書き出しの一時ファイルや再生成できるキャッシュを、一覧で確認してから削除します'\n                    onClick={() => void this.cleanProjectData()}\n                >\n                    <span className={`codicon ${this.cleaningProject ? 'codicon-loading codicon-modifier-spin' : 'codicon-trash'}`} aria-hidden='true' />\n                    <span>{this.cleaningProject ? '調べています…' : '不要なデータを整理…'}</span>\n                </button>\n            </section>\n        );\n    }",
    operator: 'strictEqual',
    diff: 'simple'
  }

test at test\packaged-cli-candidates.test.mjs:26:1
✖ packagedCliCandidates: 開発配置ではリポルート直下の packages/ に当たる (1.6151ms)
  AssertionError [ERR_ASSERTION]: リポルート基点の候補が無い: Z:\repo\apps\shell\lib\backend\packages\edit-lint\bin\edit-lint.mjs, Z:\repo\apps\shell\lib\packages\edit-lint\bin\edit-lint.mjs, Z:\repo\apps\shell\packages\edit-lint\bin\edit-lint.mjs, Z:\repo\apps\packages\edit-lint\bin\edit-lint.mjs, Z:\repo\packages\edit-lint\bin\edit-lint.mjs, Z:\packages\edit-lint\bin\edit-lint.mjs, Z:\repo\apps\shell\lib\edit-lint\bin\edit-lint.mjs
      at TestContext.<anonymous> (file:///Z:/AI/Projects/akari-video/apps/shell/extensions/akari-shell-strip/evidence/en-3/baseline/apps/shell/extensions/akari-shell-strip/test/packaged-cli-candidates.test.mjs:28:12)
      at Test.runInAsyncScope (node:async_hooks:227:14)
      at Test.run (node:internal/test_runner/test:1306:25)
      at Test.processPendingSubtests (node:internal/test_runner/test:897:18)
      at Test.postRun (node:internal/test_runner/test:1447:19)
      at Test.run (node:internal/test_runner/test:1372:12)
      at async Test.processPendingSubtests (node:internal/test_runner/test:897:7) {
    generatedMessage: false,
    code: 'ERR_ASSERTION',
    actual: false,
    expected: true,
    operator: '==',
    diff: 'simple'
  }

test at test\quick-export-service.test.mjs:262:1
✖ copyArtifact: コピーコマンドの終了コードを結果へ反映する (2.5491ms)
  AssertionError [ERR_ASSERTION]: Expected values to be strictly deep-equal:
  + actual - expected
  
    {
      args: [
        '-e',
  +     'set the clipboard to POSIX file "Z:\\project\\exports\\final.mp4"'
  -     'set the clipboard to POSIX file "/project/exports/final.mp4"'
      ],
      command: 'osascript',
      stdin: undefined
    }
  
      at TestContext.<anonymous> (file:///Z:/AI/Projects/akari-video/apps/shell/extensions/akari-shell-strip/evidence/en-3/baseline/apps/shell/extensions/akari-shell-strip/test/quick-export-service.test.mjs:282:12)
      at async Test.run (node:internal/test_runner/test:1313:7)
      at async Test.processPendingSubtests (node:internal/test_runner/test:897:7) {
    generatedMessage: true,
    code: 'ERR_ASSERTION',
    actual: { command: 'osascript', args: [ '-e', 'set the clipboard to POSIX file "Z:\\project\\exports\\final.mp4"' ], stdin: undefined },
    expected: { command: 'osascript', args: [ '-e', 'set the clipboard to POSIX file "/project/exports/final.mp4"' ], stdin: undefined },
    operator: 'deepStrictEqual',
    diff: 'simple'
  }

test at test\quick-export-service.test.mjs:295:1
✖ readPreviewFrame: 許可ディレクトリ配下の JPEG を data URL として返す (0.9473ms)
  AssertionError [ERR_ASSERTION]: Expected values to be strictly equal:
  + actual - expected
  
  + 'Z:\\project\\.akari\\cache\\export-preview\\30.jpg'
  - '/project/.akari/cache/export-preview/30.jpg'
  
      at TestContext.<anonymous> (file:///Z:/AI/Projects/akari-video/apps/shell/extensions/akari-shell-strip/evidence/en-3/baseline/apps/shell/extensions/akari-shell-strip/test/quick-export-service.test.mjs:309:12)
      at Test.runInAsyncScope (node:async_hooks:227:14)
      at Test.run (node:internal/test_runner/test:1306:25)
      at Test.processPendingSubtests (node:internal/test_runner/test:897:18)
      at Test.postRun (node:internal/test_runner/test:1447:19)
      at Test.run (node:internal/test_runner/test:1372:12)
      at async Test.processPendingSubtests (node:internal/test_runner/test:897:7) {
    generatedMessage: true,
    code: 'ERR_ASSERTION',
    actual: 'Z:\\project\\.akari\\cache\\export-preview\\30.jpg',
    expected: '/project/.akari/cache/export-preview/30.jpg',
    operator: 'strictEqual',
    diff: 'simple'
  }

test at test\quick-export-service.test.mjs:473:1
✖ cancel 後: start 前から在った作業ディレクトリは「この回のゴミ」に数えない (1.2262ms)
  AssertionError [ERR_ASSERTION]: Expected values to be strictly deep-equal:
  + actual - expected
  
    {
  +   bytes: 0,
  -   bytes: 31457280,
      entries: [
        'new-run'
      ]
    }
  
      at TestContext.<anonymous> (file:///Z:/AI/Projects/akari-video/apps/shell/extensions/akari-shell-strip/evidence/en-3/baseline/apps/shell/extensions/akari-shell-strip/test/quick-export-service.test.mjs:476:12)
      at async Test.run (node:internal/test_runner/test:1313:7)
      at async Test.processPendingSubtests (node:internal/test_runner/test:897:7) {
    generatedMessage: true,
    code: 'ERR_ASSERTION',
    actual: { entries: [ 'new-run' ], bytes: 0 },
    expected: { entries: [ 'new-run' ], bytes: 31457280 },
    operator: 'deepStrictEqual',
    diff: 'simple'
  }

test at test\quick-export-service.test.mjs:484:1
✖ discardCancelledLeftover: leftover の entry だけを削除しバイト数を返す (0.7195ms)
  AssertionError [ERR_ASSERTION]: Expected values to be strictly deep-equal:
  + actual - expected
  
    {
  +   bytes: 0,
  -   bytes: 1024,
      discarded: true
    }
  
      at TestContext.<anonymous> (file:///Z:/AI/Projects/akari-video/apps/shell/extensions/akari-shell-strip/evidence/en-3/baseline/apps/shell/extensions/akari-shell-strip/test/quick-export-service.test.mjs:489:12)
      at async Test.run (node:internal/test_runner/test:1313:7)
      at async Test.processPendingSubtests (node:internal/test_runner/test:897:7) {
    generatedMessage: true,
    code: 'ERR_ASSERTION',
    actual: { discarded: true, bytes: 0 },
    expected: { discarded: true, bytes: 1024 },
    operator: 'deepStrictEqual',
    diff: 'simple'
  }

test at test\quick-export-service.test.mjs:511:1
✖ resolveRenderTmpEntry: render-tmp の外へ出る entry は解決しない（親越え・絶対パス） (0.4682ms)
  AssertionError [ERR_ASSERTION]: Expected values to be strictly equal:
  + actual - expected
  
  + 'Z:\\project\\.akari\\render-tmp\\run-1'
  - '/project/.akari/render-tmp/run-1'
  
      at TestContext.<anonymous> (file:///Z:/AI/Projects/akari-video/apps/shell/extensions/akari-shell-strip/evidence/en-3/baseline/apps/shell/extensions/akari-shell-strip/test/quick-export-service.test.mjs:514:12)
      at Test.runInAsyncScope (node:async_hooks:227:14)
      at Test.run (node:internal/test_runner/test:1306:25)
      at Test.processPendingSubtests (node:internal/test_runner/test:897:18)
      at Test.postRun (node:internal/test_runner/test:1447:19)
      at Test.run (node:internal/test_runner/test:1372:12)
      at async Test.processPendingSubtests (node:internal/test_runner/test:897:7) {
    generatedMessage: true,
    code: 'ERR_ASSERTION',
    actual: 'Z:\\project\\.akari\\render-tmp\\run-1',
    expected: '/project/.akari/render-tmp/run-1',
    operator: 'strictEqual',
    diff: 'simple'
  }
