
> akari-shell-strip@0.0.1 test
> tsc -b && node --test test/*.mjs

✔ Close only restored default Theia bottom tabs (1.2934ms)
✔ Keep Timeline and unknown tabs (0.2675ms)
✔ Identify terminals by type and kind rather than title or ID (0.2644ms)
✔ Protect Partner terminals even when misplaced in the bottom panel (0.204ms)
✔ Dropdown contains only Timeline and Terminal (1.1674ms)
✔ Clean only at startup; F6 preserves terminals and Problems tabs added later (2.0182ms)
✔ Developer-mode startup skips cleanup; switching off preserves restored tabs (0.3956ms)
✔ Timeline always calls akari.annotations.open rather than activateWidget (0.7717ms)
✔ terminal:new places new terminals at the bottom without moving existing or Partner terminals (0.761ms)
✔ dialogVisible hides every phase (3.2541ms)
✔ Rendering stage, percent, and remaining time map to running (0.3516ms)
✔ Running clamps percent to 0–100 and uses phase text when stage is unknown (0.306ms)
✔ Done produces finished with the output name (0.2325ms)
✔ Cancelled and idle are hidden (0.2137ms)
✔ Dismissed hides finished without affecting running (0.2056ms)
✔ Failed and lint-failed use the defined English messages (0.2008ms)
✔ setupRequested hides terminal states (0.2544ms)
✔ Shared encoder choices preserve order and labels on every OS (3.7337ms)
✔ All encoder values form a deduplicated union across OSes (0.709ms)
✔ estimateExport includes the GPU table and audio bitrate (1.4052ms)
✔ estimateExport uses previous measurements with a matching engine as cost per frame (0.359ms)
✔ estimateExport scales previous measurements and table values by pixel count (0.2531ms)
✔ formatEstimate rounds time to 10 seconds and size to MB / GB (1.3462ms)
✔ estimateExport estimates HEVC size at 0.6 times H.264 with matching settings (0.3276ms)
✔ estimateExport estimates ProRes 422 HQ at about 220 Mbps for 1080p30 (0.2173ms)
✔ estimateExport scales PNG size from 1.2 MB per 1080p frame (0.2452ms)
✔ license rows show counts, first three names, overflow and copy text (2.5541ms)
✔ shouldRecheckLintForPath triggers only on edit document changes (3.351ms)
✔ shouldWatchForLintRecheck watches only while the lint failure screen is open (0.2887ms)
✔ formatLintCheckedAt treats unchecked and future timestamps as Not checked (1.5366ms)
✔ lintRecheckHint switches text for checking, unchecked, and checked states (0.5776ms)
✔ Live frame store reads B after A responds and keeps only the latest frame (2.515ms)
✔ Live frame store discards stale responses and clears the last frame on completion (0.6085ms)
✔ composeExportRequestPacket reruns lint and matches the entire template (1.23ms)
✔ composeExportRequestPacket skips lint with alternate resolution and output name (0.353ms)
✔ containerForCodec derives MP4, MOV, or directory from codec (2.4199ms)
✔ ProRes 422 HQ and PNG sequence descriptions follow the selected format (0.6757ms)
✔ Map Standard, High quality, and Lightweight to CLI values (0.3346ms)
✔ Master is selectable only with x264 (0.2233ms)
✔ Keep at least 12 upcoming options with tooltips (0.3013ms)
✔ describeOutput returns four rows for current fixed output (0.4078ms)
✔ resolveOutputResolution native keeps edit.json resolution (0.2423ms)
✔ resolveOutputResolution 720p and 4K preserve aspect ratio while resizing (0.3026ms)
✔ resolveOutputResolution rounds odd custom width and height to even values (0.293ms)
✔ resolveOutputResolution portrait 720p is 720×1280 (0.3139ms)
✔ resolveOutputResolution clamps custom width to 320–7680 (0.172ms)
✔ describeOutput includes preset and resize mode in the resolution row (0.1992ms)
✔ H.265 (HEVC) is selectable and its description follows codec (0.2591ms)
✔ EXPORT_SHARE_TARGETS returns the four fixed services in order (2.6534ms)
✔ composeExportHandOffPacket includes every video fact (0.9993ms)
✔ copyArtifactCommand builds copy commands for each OS (1.701ms)
✔ copyArtifactCommand returns undefined for unsupported OSes (0.2575ms)
✔ describeThisVideo reads landscape dimensions, duration, and composition (4.0225ms)
✔ describeThisVideo distinguishes portrait from square (2.8684ms)
✔ describeThisVideo reads duration and media cut count from v2 tracks/items (8.5901ms)
✔ describeThisVideo returns undefined for missing JSON without throwing (0.3831ms)
✔ 0% selects the first frame and 100% selects the last (1.3241ms)
✔ Intermediate progress selects the nearest frame timestamp (0.2869ms)
✔ Empty or unavailable strips return -1 (1.1075ms)
✔ Clamp progress to 0–100 (0.2138ms)
✔ akari-activity-bar-curation.ts: guarded callback success (172.2044ms)
✔ akari-activity-bar-curation.ts: guarded callback throw (46.6444ms)
✔ akari-activity-bar-curation.ts: guarded callback reject (18.334ms)
✔ akari-activity-bar-curation.ts: guarded callback pending (30.6538ms)
✔ akari-bottom-panel-curation.ts: guarded callback success (47.443ms)
✔ akari-bottom-panel-curation.ts: guarded callback throw (16.2305ms)
✔ akari-bottom-panel-curation.ts: guarded callback reject (14.105ms)
✔ akari-bottom-panel-curation.ts: guarded callback pending (15.6004ms)
✔ akari-right-panel-curation.ts: guarded callback success (8.7869ms)
✔ akari-right-panel-curation.ts: guarded callback throw (9.3112ms)
✔ akari-right-panel-curation.ts: guarded callback reject (6.6975ms)
✔ akari-right-panel-curation.ts: guarded callback pending (7.7517ms)
✔ akari-bottom-panel-curation.ts: shell.closeWidget throw (14.8499ms)
✔ akari-bottom-panel-curation.ts: shell.closeWidget reject (18.7241ms)
✔ akari-bottom-panel-curation.ts: shell.closeWidget pending (11.5248ms)
✔ akari-activity-bar-curation.ts: real reconcileLeftPanel throws (20.5275ms)
✔ akari-right-panel-curation.ts: real reconcile throws (10.2749ms)
✔ LEFT_PANEL_FIXED_ORDER matches the actual ALLOWLIST ID sequence (77.7114ms)
✔ restored tabs with settings first return to the fixed order without mutating input (0.3535ms)
✔ unknown IDs move to the end and retain their relative order (0.2034ms)
✔ missing tabs stay absent and a later attached settings tab is placed above the menu (0.1481ms)
✔ empty current order yields no tabs (0.1703ms)
✔ empty fixed order preserves all existing tabs (0.152ms)
✔ omitted and empty arguments open the menu without a section (1.9129ms)
✔ valid section, pulse and exact skill names are preserved (0.7235ms)
✔ invalid arguments are rejected (1.4812ms)
✔ only open and skills are section IDs (0.2675ms)
✔ exactly the three external menu commands are registered (2.3924ms)
✔ focus validates before opening and activates before focusing (0.447ms)
✔ open targets reflect the current map state and expose only IDs and labels (0.3462ms)
✔ frontend module binds the command contribution as a singleton (3.528ms)
✔ pulse uses the theme token for four 0.4 second cycles (1.4193ms)
✔ reduced motion uses a static outline (0.3463ms)
✔ focusSection is public (2.2243ms)
✔ listSkills is public (0.3122ms)
✔ render marks the sections, headings and skill rows (0.5765ms)
✔ widget keeps external focus separate from partner actions (0.3874ms)
✔ stylesheet loading is guarded for node tests (0.5173ms)
✔ renderExportSection exactly matches the variant target UI (0.5887ms)
✔ Open menu heading and every row are English, with Map opt-in (81.1622ms)
✔ Open contains exactly the nine ordered rows (11.3104ms)
✔ world map row is additive and opt-in (1.3062ms)
✔ menu command and icon mirror ../../akari-partner/src/browser/akari-partner-widget.tsx (1.8457ms)
✔ menu command and icon mirror ../../akari-transcript/src/browser/daihon/akari-daihon-widget.ts (2.9472ms)
✔ menu command and icon mirror ../../akari-transcript/src/browser/daihon/akari-cuts-widget.ts (2.7373ms)
✔ menu command and icon mirror ../../akari-annotations/src/browser/akari-review-panel-widget.ts (2.0047ms)
✔ widget maps the pure rows, preserves the home route and appends dynamic preview (74.6226ms)
✔ menu-rows is independent of DOM, Theia and React (1.5081ms)
✔ packagedCliCandidates prioritizes resourcesPath (1.6531ms)
✔ packagedCliCandidates finds Resources through ancestors without resourcesPath (0.3669ms)
✔ packagedCliCandidates finds root packages in development layouts (0.237ms)
✔ packagedCliCandidates does not depend on process.cwd() (3.206ms)
✔ packagedCliCandidates keeps legacy sibling candidates at the end (0.3488ms)
✔ packagedCliCandidates contains no duplicates (0.3038ms)
✔ packagedPackageEntryCandidates prioritizes resourcesPath for preview-server src entry (0.6422ms)
✔ packagedPackageEntryCandidates finds Resources through ancestors without resourcesPath (0.2556ms)
✔ packagedCliCandidates delegation preserves the exact prior array order (6.3587ms)
✔ bundledMediaBinCandidate points to Resources/media-bin (0.5925ms)
✔ bundledMediaBinCandidate is undefined in development without resourcesPath (0.2001ms)
✔ Constants match akari.sh --preview defaults: port 4567, 10 ports, 127.0.0.1, 10 seconds (1.4363ms)
✔ buildPreviewServerArgs: [projectRoot, --port, <n>, --host, 127.0.0.1] (1.1628ms)
✔ parsePreviewServerReadyUrl reads the first URL from four real log lines without trailing slash (0.2373ms)
✔ parsePreviewServerReadyUrl returns undefined without a URL line (0.1943ms)
✔ buildPreviewOpenUrl latest uses the root (0.2238ms)
✔ buildPreviewOpenUrl legacy uses ?frameEngine=0 for the legacy DOM preview (0.1984ms)
✔ describePreviewServerFailure explains EADDRINUSE in English (0.2269ms)
✔ describePreviewServerFailure summarizes the stderr tail (0.565ms)
✔ describePreviewServerFailure includes exit code when stderr is empty (15.0171ms)
✔ (a) start becomes running with URL and port after a ready URL in fake stdout (6.3158ms)
✔ (b) start fails with port in use on exit 1 and EADDRINUSE before readiness (1.6531ms)
✔ (c) Unexpected close while running fails with the stderr tail (1.2935ms)
✔ (d) stop becomes idle and kills once (1.4073ms)
✔ (e) Starting another project kills the old child before spawning a new one (3.264ms)
✔ (f) Restarting the same project does not spawn again (1.7154ms)
✔ (f2) Reentry while starting waits for the same startup without double spawning (1.0264ms)
✔ (g) Missing entry fails and lists attempted candidates in logTail (2.2393ms)
✔ (h) Port search selects 4568 when 4567 is occupied (2.7421ms)
✔ (h2) All ports 4567–4576 occupied fails without spawning (0.6592ms)
✔ (i) Readiness timeout fails and kills the child (67.2927ms)
✔ parseInspection reads disposable, undecided, and total bytes (1.9576ms)
✔ parseInspection maps held_reason to heldReason for display (0.3322ms)
✔ parseInspection selects the final JSON line after warning output (0.2545ms)
✔ parseInspection returns undefined for malformed output rather than claiming zero items (0.2544ms)
✔ inspect uses --json --dry-run without deleting (2.2331ms)
✔ inspect returns a reason when CLI is missing (1.2877ms)
✔ inspect uses the stderr tail as the reason on CLI failure (0.3756ms)
✔ inspect does not report ok for unreadable output even with exit 0 (0.5815ms)
✔ clean uses --json --yes and returns deleted count and bytes (0.4747ms)
✔ clean does not report cleaned on partial failure (0.7574ms)
✔ buildQuickExportEncoderChoices returns only supported OS encoders in order (3.5378ms)
✔ buildEditLintArgs includes project root and --json (0.3297ms)
✔ sanitizeQuickExportOutputName preserves plain names (4.3674ms)
✔ sanitizeQuickExportOutputName removes separators and parent traversal to keep one filename (0.2671ms)
✔ sanitizeQuickExportOutputName falls back for empty, whitespace, and dot-only names (0.2696ms)
✔ nextAvailableOutputName returns the default without existing names (0.3034ms)
✔ nextAvailableOutputName does not collide with unrelated names (0.2238ms)
✔ nextAvailableOutputName appends -2 for one collision (0.4544ms)
✔ nextAvailableOutputName uses the first numbering gap (0.268ms)
✔ nextAvailableOutputName appends numbering without an extension (1.9821ms)
✔ buildRenderCutOutputRelativePath legacy wrapper always uses exports/ (0.4308ms)
✔ buildRenderCutOutputPath defaults to exports/ without outputDirectory (0.1741ms)
✔ buildRenderCutOutputPath uses an absolute outputDirectory while preventing filename escape (0.5609ms)
✔ buildRenderCutArgs explicitly includes --engine auto and --encoder auto by default (0.7043ms)
✔ buildRenderCutArgs omitted and explicit auto encoder produce identical arguments (0.6227ms)
✔ buildRenderCutArgs omitted and explicit auto engine produce identical arguments (0.1816ms)
✔ buildRenderCutArgs passes --engine gpu when selected (0.1353ms)
✔ buildRenderCutArgs passes --engine osr when selected (0.1602ms)
✔ buildRenderCutArgs adds nondefault quality and preserves explicit encoder selection (0.1957ms)
✔ buildRenderCutArgs adds --fps only when specified (0.2467ms)
✔ buildRenderCutArgs adds --scale-to WxH only when specified (0.1241ms)
✔ buildRenderCutArgs appends --progress after all options (0.1272ms)
✔ buildRenderCutArgs uses absolute --out with outputDirectory (0.1216ms)
✔ determineLintOutcome maps exit code 0/1/2/null (0.1156ms)
✔ determineRenderOutcome succeeds only with exit 0 and an existing nonempty artifact (0.14ms)
✔ summarizeStderrTail keeps the last N nonempty lines (0.4977ms)
✔ summarizeStderrTail preserves the root cause before the stack trace (0.5723ms)
✔ describeRenderFailure returns a reason for missing output even with exit 0 (0.1679ms)
✔ describeRenderFailure includes nonzero exit code without stderr (0.0987ms)
✔ describeUnexpectedQuickExportFailure returns a nonempty reason even for unknown errors (0.2146ms)
✔ parseQuickExportProgressLine calculates percent from out_time_ms/total_ms (2.5655ms)
✔ parseQuickExportProgressLine done is exactly 100% (0.4135ms)
✔ parseQuickExportProgressLine ignores unmatched lines as undefined (0.2744ms)
✔ parseQuickExportProgressLine total_ms=0 returns 0% without division by zero (0.1937ms)
✔ latestQuickExportProgress returns only the last matching line (1.4771ms)
✔ latestQuickExportProgress returns undefined without a matching line (0.2867ms)
✔ estimateElapsedAndRemaining done/100% has zero remaining time (0.3101ms)
✔ estimateElapsedAndRemaining 0% cannot estimate remaining time (0.1845ms)
✔ estimateElapsedAndRemaining extrapolates 4 seconds remaining after 4 seconds at 50% (0.4899ms)
✔ estimateElapsedAndRemaining estimates 9 seconds remaining after 3 seconds at 25% (0.5643ms)
✔ Tracker advances weighted percent per render frame line (0.545ms)
✔ Tracker reaches 100% only on the overall done line (0.3895ms)
✔ Tracker percent does not regress when render restarts from GPU to OSR (2.4474ms)
✔ Tracker parses a frame line split across chunks after completion (0.2166ms)
✔ Tracker uses legacy percent for out_time_ms without a stage line (0.2261ms)
✔ Tracker retains render stage after 300 frame lines (1.5263ms)
✔ estimateElapsedAndRemaining uses measured render time per frame (0.2419ms)
✔ Tracker keeps GPU preview as the latest actual frame (0.2205ms)
✔ Tracker retains preview and progress when frame lines follow GPU preview (0.1717ms)
✔ start terminates unexpected backend exceptions as failed (13.2513ms)
✔ start terminates missing render-cut CLI as failed with a reason (2.2242ms)
✔ start includes error/warning counts and report on lint-failed (3.2842ms)
✔ start includes render-cut stage/frame details in status (3.5038ms)
✔ cancel sends SIGTERM to the running process group and becomes cancelled (1.0262ms)
✔ cancel sends SIGKILL to the group after 5 seconds without exit (5004.1258ms)
✔ cancel uses taskkill /T for the Windows process tree (0.5287ms)
✔ onStop terminates running export groups on shell exit (0.2051ms)
✔ revealArtifact builds OS-specific file manager commands (0.2891ms)
✔ copyArtifact reflects copy command exit code in its result (0.5811ms)
✔ readPreviewFrame returns allowed JPEGs as data URLs (0.3568ms)
✔ readPreviewFrame rejects files outside allowed directories without reading (0.1932ms)
✔ recheckLint returns lint-failed to idle once issues are fixed (0.336ms)
✔ recheckLint updates findings when issues remain (0.2252ms)
✔ recheckLint does not run or change status during export (0.1338ms)
✔ recheckLint discards results if export starts during checks (0.1696ms)
✔ recheckLint retains findings as unavailable on missing CLI or abnormal exit (0.2751ms)
✔ After cancel, existing work directories are excluded from new leftovers (0.263ms)
✔ After cancel, no new entries means undefined leftover without cleanup action (0.1008ms)
✔ discardCancelledLeftover deletes only leftover entries and returns bytes (0.2806ms)
✔ discardCancelledLeftover does not delete while exporting (0.1217ms)
✔ discardCancelledLeftover does nothing without leftovers (0.0999ms)
✔ resolveRenderTmpEntry rejects traversal and absolute paths outside render-tmp (0.1114ms)
✔ discardCancelledLeftover fails without deleting entries outside render-tmp (0.1312ms)
✔ shouldShowRenderJsonProgress truth table for quick export phases (1.3931ms)
✔ quickExportErrorNotification reports severity counts and report guidance (0.4577ms)
✔ quickExportErrorNotification preserves English diagnostic details for known checks (0.2907ms)
✔ quickExportErrorNotification handles unknown checks with counts and details (0.2325ms)
✔ quickExportErrorNotification does not repeat lint-failed notifications (0.1679ms)
✔ quickExportErrorNotification preserves failed notifications and nonterminal phases (0.2346ms)
✔ quickExportStageLabel translates the five stages to English and preserves undefined (2.9224ms)
✔ Verify status lines expose the check name in the snapshot (7.8271ms)
✔ Blank-frame check frame counts contribute to stage progress (0.7187ms)
✔ Stage progress advances as each check completes even without frame output (0.326ms)
✔ Reused and skipped count as completed checks (0.3966ms)
✔ Completing verify clears check name and sets stage progress to 1 (0.2343ms)
✔ Restarting verify resets accumulated checks (0.3216ms)
✔ Existing stage/frame parsing remains unchanged (0.3222ms)
✔ Ignore unknown check names and malformed lines (0.7285ms)
✔ Label includes the current verification check (18.0076ms)
✔ parseRenderProgress malformed null/string/array falls back to unknown (4.9119ms)
✔ parseRenderProgress unknown shape without version/phase/plan falls back to unknown (0.327ms)
✔ parseRenderProgress initial phase produces in-progress with phase in label (1.0865ms)
✔ parseRenderProgress unknown phase remains in-progress without throwing (0.6863ms)
✔ parseRenderProgress: verify.verdict=pass + artifacts[0].path → done + artifactPath (0.467ms)
✔ parseRenderProgress verify.verdict=fail produces failed with error text (0.6404ms)
✔ parseRenderProgress failed verification without error findings uses generic failure (0.3148ms)
✔ parseRenderProgress passed verification without artifacts falls back to in-progress (0.2597ms)
✔ parseRenderProgress reads the real dogfood-v2 receipt shape as done (0.2871ms)
✔ parseRenderProgress extracts GPU for the completion label (1.4294ms)
✔ parseRenderProgress extracts OSR and fallback reason (0.376ms)
✔ parseRenderProgress displays one OSR ineligible item as id: reason (0.4429ms)
✔ parseRenderProgress displays first OSR ineligible item and remaining count (0.2646ms)
✔ parseRenderProgress supports legacy receipts (0.2002ms)
✔ parseRenderProgress preserves undefined engine without provenance (0.148ms)
✔ parseRenderProgress shows GPU export during planning (0.2503ms)
✔ default: one pane, default groups, no displaced panels (2.6935ms)
✔ readRightRailState: valid data round-trips (0.8584ms)
✔ readRightRailState: a valid v1 split with a reused terminal id keeps unrelated settings (0.5082ms)
✔ readRightRailState: missing or broken data falls back to the whole default (1 pane, default groups) (0.5936ms)
✔ terminal serial ids keep a runtime move but cannot affect a new terminal after save and restore (1.2253ms)
✔ inserting within each group and across the line persists, then new faces use default positions (1.7133ms)
✔ moving an open pane across the line keeps the two-pane line rule (0.4029ms)
✔ setRightRailGroup stores only differences from the default (0.2006ms)
✔ drop on main / bottom: becomes a tab there and leaves the rail; back to the rail restores it (0.3385ms)
✔ Drop above or below the rail divider swaps membership (0.2794ms)
✔ Drop on the lower right half splits the panel (0.223ms)
✔ Split drops preserve divider membership by moving Partner to the opposite side (0.2352ms)
✔ split drop from main brings the panel back to the right (0.1873ms)
✔ split drop with nothing else in the right shows the dropped panel alone (0.139ms)
✔ split: clicking an icon above the line changes the top pane, below the line the bottom pane (0.2186ms)
✔ back to one pane: × on a pane header, dragging that pane back to the rail, or the gutter to an edge — the panel stays in the rail (0.348ms)
✔ normalizeRightRail: a pane that left the right or broke the line rule returns to one pane (0.3002ms)
✔ the five right-rail widgets use the line-art icon classes (no codicon) (14.708ms)
✔ icon shapes are the prototype strokes: scissors / paper / speech bubble / sliders / level bars (1.0925ms)
✔ rail hover: Theia delayed tooltip is suppressed and the instant tooltip shows the label only (1.0467ms)
✔ the right side panel handler and the drop zones are wired in the frontend module (1.3118ms)
✔ trackDragGesture: small movement is a click (at the press point), a larger one starts a drag once (1.7063ms)
✔ Unknown keys use defaults; explicit false and changed interval are honored (2.2366ms)
✔ Read ioreg PerformanceStatistics utilization or return null (1.5809ms)
✔ vm_stat converts active + wired + compressor pages to bytes (0.8348ms)
✔ Status bar preferences hide items and unavailable GPU (0.5462ms)
✔ Output Preview filters direct and grouped menu delegate items (3.5007ms)
✔ Monaco editor items pass through (0.3078ms)
✔ Non-AKARI webviews pass through (0.2552ms)
✔ Preserve order and references of AKARI and other menu items (0.3033ms)
✔ Filter using RUN and editor/title ID fallbacks (0.2182ms)
✔ Keep unknown menuPath and ID items (0.2345ms)
✔ Filter Footage Preview too (0.2545ms)
✔ Recognize retry suffixes on Footage and Output Preview (0.341ms)
✔ Recognize Preview using viewType and identifier.id alone (0.8254ms)
✔ Support menuPath and toolbarItem.menuPath (0.5314ms)
✔ Do not misclassify missing widgets, similar IDs, or other menu prefixes (2.0461ms)
✔ missing (1.4796ms)
✔ unknown kind (0.2992ms)
✔ flat (1.8573ms)
✔ spatial (0.2002ms)
✔ broken (0.4135ms)
✔ old version (0.1949ms)
ℹ tests 297
ℹ suites 0
ℹ pass 297
ℹ fail 0
ℹ cancelled 0
ℹ skipped 0
ℹ todo 0
ℹ duration_ms 6198.7929
