
> akari-shell-strip@0.0.1 test
> tsc -b && node --test test/*.mjs

✔ Close only restored default Theia bottom tabs (1.011ms)
✔ Keep Timeline and unknown tabs (0.2597ms)
✔ Identify terminals by type and kind rather than title or ID (0.1913ms)
✔ Protect Partner terminals even when misplaced in the bottom panel (0.2053ms)
✔ Dropdown contains only Timeline and Terminal (1.1469ms)
✔ Clean only at startup; F6 preserves terminals and Problems tabs added later (1.8482ms)
✔ Developer-mode startup skips cleanup; switching off preserves restored tabs (0.3966ms)
✔ Timeline always calls akari.annotations.open rather than activateWidget (0.5858ms)
✔ terminal:new places new terminals at the bottom without moving existing or Partner terminals (0.5296ms)
✔ dialogVisible hides every phase (3.3723ms)
✔ Rendering stage, percent, and remaining time map to running (0.4783ms)
✔ Running clamps percent to 0–100 and uses phase text when stage is unknown (0.267ms)
✔ Done produces finished with the output name (0.2051ms)
✔ Cancelled and idle are hidden (0.8164ms)
✔ Dismissed hides finished without affecting running (0.243ms)
✔ Failed and lint-failed use the defined English messages (0.3642ms)
✔ setupRequested hides terminal states (0.2495ms)
✔ Shared encoder choices preserve order and labels on every OS (2.5444ms)
✔ All encoder values form a deduplicated union across OSes (0.4346ms)
✔ estimateExport includes the GPU table and audio bitrate (1.3212ms)
✔ estimateExport uses previous measurements with a matching engine as cost per frame (0.3263ms)
✔ estimateExport scales previous measurements and table values by pixel count (0.2293ms)
✔ formatEstimate rounds time to 10 seconds and size to MB / GB (1.1822ms)
✔ estimateExport estimates HEVC size at 0.6 times H.264 with matching settings (0.2296ms)
✔ estimateExport estimates ProRes 422 HQ at about 220 Mbps for 1080p30 (0.1462ms)
✔ estimateExport scales PNG size from 1.2 MB per 1080p frame (0.1793ms)
✔ license rows show counts, first three names, overflow and copy text (1.9062ms)
✔ shouldRecheckLintForPath triggers only on edit document changes (3.4925ms)
✔ shouldWatchForLintRecheck watches only while the lint failure screen is open (0.2045ms)
✔ formatLintCheckedAt treats unchecked and future timestamps as Not checked (1.1921ms)
✔ lintRecheckHint switches text for checking, unchecked, and checked states (0.2354ms)
✔ Live frame store reads B after A responds and keeps only the latest frame (2.5181ms)
✔ Live frame store discards stale responses and clears the last frame on completion (0.6426ms)
✔ composeExportRequestPacket reruns lint and matches the entire template (0.7356ms)
✔ composeExportRequestPacket skips lint with alternate resolution and output name (0.2285ms)
✔ containerForCodec derives MP4, MOV, or directory from codec (2.6604ms)
✔ ProRes 422 HQ and PNG sequence descriptions follow the selected format (0.692ms)
✔ Map Standard, High quality, and Lightweight to CLI values (0.2879ms)
✔ Master is selectable only with x264 (0.1271ms)
✔ Keep at least 12 upcoming options with tooltips (0.2124ms)
✔ describeOutput returns four rows for current fixed output (0.286ms)
✔ resolveOutputResolution native keeps edit.json resolution (0.1342ms)
✔ resolveOutputResolution 720p and 4K preserve aspect ratio while resizing (0.2065ms)
✔ resolveOutputResolution rounds odd custom width and height to even values (0.1988ms)
✔ resolveOutputResolution portrait 720p is 720×1280 (0.2275ms)
✔ resolveOutputResolution clamps custom width to 320–7680 (0.1426ms)
✔ describeOutput includes preset and resize mode in the resolution row (0.1648ms)
✔ H.265 (HEVC) is selectable and its description follows codec (0.1886ms)
✔ EXPORT_SHARE_TARGETS returns the four fixed services in order (1.9051ms)
✔ composeExportHandOffPacket includes every video fact (0.4537ms)
✔ copyArtifactCommand builds copy commands for each OS (1.5312ms)
✔ copyArtifactCommand returns undefined for unsupported OSes (0.1973ms)
✔ describeThisVideo reads landscape dimensions, duration, and composition (3.4799ms)
✔ describeThisVideo distinguishes portrait from square (2.8473ms)
✔ describeThisVideo reads duration and media cut count from v2 tracks/items (8.4419ms)
✔ describeThisVideo returns undefined for missing JSON without throwing (0.2185ms)
✔ 0% selects the first frame and 100% selects the last (1.2275ms)
✔ Intermediate progress selects the nearest frame timestamp (0.2824ms)
✔ Empty or unavailable strips return -1 (1.1162ms)
✔ Clamp progress to 0–100 (0.1971ms)
✔ akari-activity-bar-curation.ts: guarded callback success (172.5938ms)
✔ akari-activity-bar-curation.ts: guarded callback throw (37.4757ms)
✔ akari-activity-bar-curation.ts: guarded callback reject (22.9797ms)
✔ akari-activity-bar-curation.ts: guarded callback pending (19.3663ms)
✔ akari-bottom-panel-curation.ts: guarded callback success (43.5263ms)
✔ akari-bottom-panel-curation.ts: guarded callback throw (17.435ms)
✔ akari-bottom-panel-curation.ts: guarded callback reject (14.3196ms)
✔ akari-bottom-panel-curation.ts: guarded callback pending (13.7621ms)
✔ akari-right-panel-curation.ts: guarded callback success (7.6778ms)
✔ akari-right-panel-curation.ts: guarded callback throw (7.3642ms)
✔ akari-right-panel-curation.ts: guarded callback reject (6.4532ms)
✔ akari-right-panel-curation.ts: guarded callback pending (5.9507ms)
✔ akari-bottom-panel-curation.ts: shell.closeWidget throw (12.4506ms)
✔ akari-bottom-panel-curation.ts: shell.closeWidget reject (6.86ms)
✔ akari-bottom-panel-curation.ts: shell.closeWidget pending (9.8351ms)
✔ akari-activity-bar-curation.ts: real reconcileLeftPanel throws (5.4729ms)
✔ akari-right-panel-curation.ts: real reconcile throws (5.5376ms)
✔ LEFT_PANEL_FIXED_ORDER matches the actual ALLOWLIST ID sequence (61.9924ms)
✔ restored tabs with settings first return to the fixed order without mutating input (0.3884ms)
✔ unknown IDs move to the end and retain their relative order (0.2102ms)
✔ missing tabs stay absent and a later attached settings tab is placed above the menu (0.1997ms)
✔ empty current order yields no tabs (0.1878ms)
✔ empty fixed order preserves all existing tabs (0.183ms)
✔ omitted and empty arguments open the menu without a section (1.8667ms)
✔ valid section, pulse and exact skill names are preserved (0.4609ms)
✔ invalid arguments are rejected (1.1551ms)
✔ only open and skills are section IDs (0.225ms)
✔ exactly the three external menu commands are registered (2.5037ms)
✔ focus validates before opening and activates before focusing (0.4257ms)
✔ open targets reflect the current map state and expose only IDs and labels (0.2931ms)
✔ frontend module binds the command contribution as a singleton (2.0968ms)
✔ pulse uses the theme token for four 0.4 second cycles (1.2164ms)
✔ reduced motion uses a static outline (0.3811ms)
✔ focusSection is public (1.6748ms)
✔ listSkills is public (0.3098ms)
✔ render marks the sections, headings and skill rows (0.6412ms)
✔ widget keeps external focus separate from partner actions (0.5498ms)
✔ stylesheet loading is guarded for node tests (0.3135ms)
✔ renderExportSection exactly matches the variant target UI (2.7413ms)
✔ Open menu heading and every row are English, with Map opt-in (73.1513ms)
✔ Open contains exactly the nine ordered rows (8.2391ms)
✔ world map row is additive and opt-in (0.3609ms)
✔ menu command and icon mirror ../../akari-partner/src/browser/akari-partner-widget.tsx (1.5739ms)
✔ menu command and icon mirror ../../akari-transcript/src/browser/daihon/akari-daihon-widget.ts (2.3352ms)
✔ menu command and icon mirror ../../akari-transcript/src/browser/daihon/akari-cuts-widget.ts (1.24ms)
✔ menu command and icon mirror ../../akari-annotations/src/browser/akari-review-panel-widget.ts (1.2411ms)
✔ widget maps the pure rows, preserves the home route and appends dynamic preview (104.1167ms)
✔ menu-rows is independent of DOM, Theia and React (0.6482ms)
✔ packagedCliCandidates prioritizes resourcesPath (2.0906ms)
✔ packagedCliCandidates finds Resources through ancestors without resourcesPath (0.4548ms)
✔ packagedCliCandidates finds root packages in development layouts (0.2739ms)
✔ packagedCliCandidates does not depend on process.cwd() (1.9081ms)
✔ packagedCliCandidates keeps legacy sibling candidates at the end (0.3481ms)
✔ packagedCliCandidates contains no duplicates (0.2853ms)
✔ packagedPackageEntryCandidates prioritizes resourcesPath for preview-server src entry (0.2657ms)
✔ packagedPackageEntryCandidates finds Resources through ancestors without resourcesPath (0.2739ms)
✔ packagedCliCandidates delegation preserves the exact prior array order (0.4978ms)
✔ bundledMediaBinCandidate points to Resources/media-bin (0.3738ms)
✔ bundledMediaBinCandidate is undefined in development without resourcesPath (0.1751ms)
✔ Constants match akari.sh --preview defaults: port 4567, 10 ports, 127.0.0.1, 10 seconds (1.4049ms)
✔ buildPreviewServerArgs: [projectRoot, --port, <n>, --host, 127.0.0.1] (1.0829ms)
✔ parsePreviewServerReadyUrl reads the first URL from four real log lines without trailing slash (0.2478ms)
✔ parsePreviewServerReadyUrl returns undefined without a URL line (0.2112ms)
✔ buildPreviewOpenUrl latest uses the root (0.2583ms)
✔ buildPreviewOpenUrl legacy uses ?frameEngine=0 for the legacy DOM preview (0.2159ms)
✔ describePreviewServerFailure explains EADDRINUSE in English (0.2076ms)
✔ describePreviewServerFailure summarizes the stderr tail (0.6846ms)
✔ describePreviewServerFailure includes exit code when stderr is empty (0.3408ms)
✔ (a) start becomes running with URL and port after a ready URL in fake stdout (7.0184ms)
✔ (b) start fails with port in use on exit 1 and EADDRINUSE before readiness (1.6842ms)
✔ (c) Unexpected close while running fails with the stderr tail (1.3005ms)
✔ (d) stop becomes idle and kills once (1.4693ms)
✔ (e) Starting another project kills the old child before spawning a new one (2.3377ms)
✔ (f) Restarting the same project does not spawn again (1.113ms)
✔ (f2) Reentry while starting waits for the same startup without double spawning (1.1167ms)
✔ (g) Missing entry fails and lists attempted candidates in logTail (2.0492ms)
✔ (h) Port search selects 4568 when 4567 is occupied (3.9366ms)
✔ (h2) All ports 4567–4576 occupied fails without spawning (0.6185ms)
✔ (i) Readiness timeout fails and kills the child (63.4353ms)
✔ parseInspection reads disposable, undecided, and total bytes (1.585ms)
✔ parseInspection maps held_reason to heldReason for display (0.3179ms)
✔ parseInspection selects the final JSON line after warning output (0.2656ms)
✔ parseInspection returns undefined for malformed output rather than claiming zero items (0.2553ms)
✔ inspect uses --json --dry-run without deleting (1.6134ms)
✔ inspect returns a reason when CLI is missing (0.6704ms)
✔ inspect uses the stderr tail as the reason on CLI failure (0.3093ms)
✔ inspect does not report ok for unreadable output even with exit 0 (0.2572ms)
✔ clean uses --json --yes and returns deleted count and bytes (0.562ms)
✔ clean does not report cleaned on partial failure (0.8448ms)
✔ buildQuickExportEncoderChoices returns only supported OS encoders in order (2.8333ms)
✔ buildEditLintArgs includes project root and --json (0.3125ms)
✔ sanitizeQuickExportOutputName preserves plain names (0.5085ms)
✔ sanitizeQuickExportOutputName removes separators and parent traversal to keep one filename (0.2054ms)
✔ sanitizeQuickExportOutputName falls back for empty, whitespace, and dot-only names (0.2386ms)
✔ nextAvailableOutputName returns the default without existing names (0.2576ms)
✔ nextAvailableOutputName does not collide with unrelated names (0.2062ms)
✔ nextAvailableOutputName appends -2 for one collision (0.2283ms)
✔ nextAvailableOutputName uses the first numbering gap (0.2352ms)
✔ nextAvailableOutputName appends numbering without an extension (1.5947ms)
✔ buildRenderCutOutputRelativePath legacy wrapper always uses exports/ (0.3519ms)
✔ buildRenderCutOutputPath defaults to exports/ without outputDirectory (0.1689ms)
✔ buildRenderCutOutputPath uses an absolute outputDirectory while preventing filename escape (0.2884ms)
✔ buildRenderCutArgs explicitly includes --engine auto and --encoder auto by default (0.2547ms)
✔ buildRenderCutArgs omitted and explicit auto encoder produce identical arguments (0.2556ms)
✔ buildRenderCutArgs omitted and explicit auto engine produce identical arguments (0.1932ms)
✔ buildRenderCutArgs passes --engine gpu when selected (0.1392ms)
✔ buildRenderCutArgs passes --engine osr when selected (0.1329ms)
✔ buildRenderCutArgs adds nondefault quality and preserves explicit encoder selection (0.2112ms)
✔ buildRenderCutArgs adds --fps only when specified (0.1549ms)
✔ buildRenderCutArgs adds --scale-to WxH only when specified (0.1434ms)
✔ buildRenderCutArgs appends --progress after all options (0.1834ms)
✔ buildRenderCutArgs uses absolute --out with outputDirectory (0.1587ms)
✔ determineLintOutcome maps exit code 0/1/2/null (0.1631ms)
✔ determineRenderOutcome succeeds only with exit 0 and an existing nonempty artifact (0.1854ms)
✔ summarizeStderrTail keeps the last N nonempty lines (0.5551ms)
✔ summarizeStderrTail preserves the root cause before the stack trace (0.2727ms)
✔ describeRenderFailure returns a reason for missing output even with exit 0 (0.1773ms)
✔ describeRenderFailure includes nonzero exit code without stderr (0.106ms)
✔ describeUnexpectedQuickExportFailure returns a nonempty reason even for unknown errors (0.2492ms)
✔ parseQuickExportProgressLine calculates percent from out_time_ms/total_ms (2.856ms)
✔ parseQuickExportProgressLine done is exactly 100% (0.4689ms)
✔ parseQuickExportProgressLine ignores unmatched lines as undefined (0.2726ms)
✔ parseQuickExportProgressLine total_ms=0 returns 0% without division by zero (0.4209ms)
✔ latestQuickExportProgress returns only the last matching line (1.5881ms)
✔ latestQuickExportProgress returns undefined without a matching line (0.3027ms)
✔ estimateElapsedAndRemaining done/100% has zero remaining time (0.444ms)
✔ estimateElapsedAndRemaining 0% cannot estimate remaining time (0.2056ms)
✔ estimateElapsedAndRemaining extrapolates 4 seconds remaining after 4 seconds at 50% (0.5557ms)
✔ estimateElapsedAndRemaining estimates 9 seconds remaining after 3 seconds at 25% (0.3121ms)
✔ Tracker advances weighted percent per render frame line (0.5293ms)
✔ Tracker reaches 100% only on the overall done line (0.6771ms)
✔ Tracker percent does not regress when render restarts from GPU to OSR (0.2343ms)
✔ Tracker parses a frame line split across chunks after completion (0.3618ms)
✔ Tracker uses legacy percent for out_time_ms without a stage line (0.3195ms)
✔ Tracker retains render stage after 300 frame lines (1.155ms)
✔ estimateElapsedAndRemaining uses measured render time per frame (0.2202ms)
✔ Tracker keeps GPU preview as the latest actual frame (0.5845ms)
✔ Tracker retains preview and progress when frame lines follow GPU preview (0.2173ms)
✔ start terminates unexpected backend exceptions as failed (18.804ms)
✔ start terminates missing render-cut CLI as failed with a reason (1.9554ms)
✔ start includes error/warning counts and report on lint-failed (3.4214ms)
✔ start includes render-cut stage/frame details in status (3.674ms)
✔ cancel sends SIGTERM to the running process group and becomes cancelled (1.0863ms)
✔ cancel sends SIGKILL to the group after 5 seconds without exit (5006.2066ms)
✔ cancel uses taskkill /T for the Windows process tree (0.7244ms)
✔ onStop terminates running export groups on shell exit (0.3482ms)
✔ revealArtifact builds OS-specific file manager commands (0.3887ms)
✔ copyArtifact reflects copy command exit code in its result (0.8192ms)
✔ readPreviewFrame returns allowed JPEGs as data URLs (0.4377ms)
✔ readPreviewFrame rejects files outside allowed directories without reading (0.2825ms)
✔ recheckLint returns lint-failed to idle once issues are fixed (0.675ms)
✔ recheckLint updates findings when issues remain (0.5362ms)
✔ recheckLint does not run or change status during export (0.226ms)
✔ recheckLint discards results if export starts during checks (0.3419ms)
✔ recheckLint retains findings as unavailable on missing CLI or abnormal exit (0.5496ms)
✔ After cancel, existing work directories are excluded from new leftovers (0.5077ms)
✔ After cancel, no new entries means undefined leftover without cleanup action (0.1801ms)
✔ discardCancelledLeftover deletes only leftover entries and returns bytes (0.338ms)
✔ discardCancelledLeftover does not delete while exporting (0.1287ms)
✔ discardCancelledLeftover does nothing without leftovers (0.1075ms)
✔ resolveRenderTmpEntry rejects traversal and absolute paths outside render-tmp (0.1338ms)
✔ discardCancelledLeftover fails without deleting entries outside render-tmp (0.1448ms)
✔ shouldShowRenderJsonProgress truth table for quick export phases (2.5069ms)
✔ quickExportErrorNotification reports severity counts and report guidance (0.4394ms)
✔ quickExportErrorNotification preserves English diagnostic details for known checks (0.3074ms)
✔ quickExportErrorNotification handles unknown checks with counts and details (0.2596ms)
✔ quickExportErrorNotification does not repeat lint-failed notifications (0.2135ms)
✔ quickExportErrorNotification preserves failed notifications and nonterminal phases (0.2563ms)
✔ quickExportStageLabel translates the five stages to English and preserves undefined (1.197ms)
✔ Verify status lines expose the check name in the snapshot (3.448ms)
✔ Blank-frame check frame counts contribute to stage progress (2.6352ms)
✔ Stage progress advances as each check completes even without frame output (0.5035ms)
✔ Reused and skipped count as completed checks (0.3963ms)
✔ Completing verify clears check name and sets stage progress to 1 (1.8318ms)
✔ Restarting verify resets accumulated checks (0.6086ms)
✔ Existing stage/frame parsing remains unchanged (0.2913ms)
✔ Ignore unknown check names and malformed lines (0.7522ms)
✔ Label includes the current verification check (0.6081ms)
✔ parseRenderProgress malformed null/string/array falls back to unknown (6.3914ms)
✔ parseRenderProgress unknown shape without version/phase/plan falls back to unknown (0.3498ms)
✔ parseRenderProgress initial phase produces in-progress with phase in label (0.6913ms)
✔ parseRenderProgress unknown phase remains in-progress without throwing (0.2308ms)
✔ parseRenderProgress: verify.verdict=pass + artifacts[0].path → done + artifactPath (0.3467ms)
✔ parseRenderProgress verify.verdict=fail produces failed with error text (1.2201ms)
✔ parseRenderProgress failed verification without error findings uses generic failure (0.6354ms)
✔ parseRenderProgress passed verification without artifacts falls back to in-progress (0.2567ms)
✔ parseRenderProgress reads the real dogfood-v2 receipt shape as done (0.2653ms)
✔ parseRenderProgress extracts GPU for the completion label (1.2392ms)
✔ parseRenderProgress extracts OSR and fallback reason (0.6444ms)
✔ parseRenderProgress displays one OSR ineligible item as id: reason (0.4066ms)
✔ parseRenderProgress displays first OSR ineligible item and remaining count (0.5324ms)
✔ parseRenderProgress supports legacy receipts (0.2262ms)
✔ parseRenderProgress preserves undefined engine without provenance (0.197ms)
✔ parseRenderProgress shows GPU export during planning (0.2839ms)
✔ default: one pane, default groups, no displaced panels (3.7416ms)
✔ readRightRailState: valid data round-trips (1.1073ms)
✔ readRightRailState: a valid v1 split with a reused terminal id keeps unrelated settings (0.5161ms)
✔ readRightRailState: missing or broken data falls back to the whole default (1 pane, default groups) (0.6334ms)
✔ terminal serial ids keep a runtime move but cannot affect a new terminal after save and restore (1.4424ms)
✔ inserting within each group and across the line persists, then new faces use default positions (0.6892ms)
✔ moving an open pane across the line keeps the two-pane line rule (0.9795ms)
✔ setRightRailGroup stores only differences from the default (0.2778ms)
✔ drop on main / bottom: becomes a tab there and leaves the rail; back to the rail restores it (0.4549ms)
✔ Drop above or below the rail divider swaps membership (0.3898ms)
✔ Drop on the lower right half splits the panel (0.2424ms)
✔ Split drops preserve divider membership by moving Partner to the opposite side (0.2864ms)
✔ split drop from main brings the panel back to the right (0.2228ms)
✔ split drop with nothing else in the right shows the dropped panel alone (0.1727ms)
✔ split: clicking an icon above the line changes the top pane, below the line the bottom pane (0.257ms)
✔ back to one pane: × on a pane header, dragging that pane back to the rail, or the gutter to an edge — the panel stays in the rail (0.3747ms)
✔ normalizeRightRail: a pane that left the right or broke the line rule returns to one pane (0.3172ms)
✔ the five right-rail widgets use the line-art icon classes (no codicon) (14.4156ms)
✔ icon shapes are the prototype strokes: scissors / paper / speech bubble / sliders / level bars (1.3365ms)
✔ rail hover: Theia delayed tooltip is suppressed and the instant tooltip shows the label only (1.3072ms)
✔ the right side panel handler and the drop zones are wired in the frontend module (1.1963ms)
✔ trackDragGesture: small movement is a click (at the press point), a larger one starts a drag once (1.9852ms)
✔ Unknown keys use defaults; explicit false and changed interval are honored (3.3948ms)
✔ Read ioreg PerformanceStatistics utilization or return null (1.6091ms)
✔ vm_stat converts active + wired + compressor pages to bytes (1.2132ms)
✔ Status bar preferences hide items and unavailable GPU (0.8283ms)
✔ Output Preview filters direct and grouped menu delegate items (2.9552ms)
✔ Monaco editor items pass through (0.3035ms)
✔ Non-AKARI webviews pass through (0.2483ms)
✔ Preserve order and references of AKARI and other menu items (0.2479ms)
✔ Filter using RUN and editor/title ID fallbacks (0.2189ms)
✔ Keep unknown menuPath and ID items (0.1929ms)
✔ Filter Footage Preview too (0.202ms)
✔ Recognize retry suffixes on Footage and Output Preview (0.2754ms)
✔ Recognize Preview using viewType and identifier.id alone (0.3485ms)
✔ Support menuPath and toolbarItem.menuPath (0.3889ms)
✔ Do not misclassify missing widgets, similar IDs, or other menu prefixes (0.3475ms)
✔ missing (1.2689ms)
✔ unknown kind (0.2054ms)
✔ flat (1.6933ms)
✔ spatial (0.2066ms)
✔ broken (0.1978ms)
✔ old version (0.1023ms)
ℹ tests 297
ℹ suites 0
ℹ pass 297
ℹ fail 0
ℹ cancelled 0
ℹ skipped 0
ℹ todo 0
ℹ duration_ms 5986.6223
